Archive member included to satisfy reference by file (symbol)

/opt/st/stm32cubeide_1.6.1/plugins/com.st.stm32cube.ide.mcu.externaltools.gnu-tools-for-stm32.9-2020-q2-update.linux64_1.5.0.202011040924/tools/bin/../lib/gcc/arm-none-eabi/9.3.1/../../../../arm-none-eabi/lib/thumb/v7e-m+fp/hard/libc_nano.a(lib_a-errno.o)
                              Core/Src/syscalls.o (__errno)
/opt/st/stm32cubeide_1.6.1/plugins/com.st.stm32cube.ide.mcu.externaltools.gnu-tools-for-stm32.9-2020-q2-update.linux64_1.5.0.202011040924/tools/bin/../lib/gcc/arm-none-eabi/9.3.1/../../../../arm-none-eabi/lib/thumb/v7e-m+fp/hard/libc_nano.a(lib_a-exit.o)
                              /opt/st/stm32cubeide_1.6.1/plugins/com.st.stm32cube.ide.mcu.externaltools.gnu-tools-for-stm32.9-2020-q2-update.linux64_1.5.0.202011040924/tools/bin/../lib/gcc/arm-none-eabi/9.3.1/../../../../arm-none-eabi/lib/thumb/v7e-m+fp/hard/crt0.o (exit)
/opt/st/stm32cubeide_1.6.1/plugins/com.st.stm32cube.ide.mcu.externaltools.gnu-tools-for-stm32.9-2020-q2-update.linux64_1.5.0.202011040924/tools/bin/../lib/gcc/arm-none-eabi/9.3.1/../../../../arm-none-eabi/lib/thumb/v7e-m+fp/hard/libc_nano.a(lib_a-impure.o)
                              /opt/st/stm32cubeide_1.6.1/plugins/com.st.stm32cube.ide.mcu.externaltools.gnu-tools-for-stm32.9-2020-q2-update.linux64_1.5.0.202011040924/tools/bin/../lib/gcc/arm-none-eabi/9.3.1/../../../../arm-none-eabi/lib/thumb/v7e-m+fp/hard/libc_nano.a(lib_a-exit.o) (_global_impure_ptr)
/opt/st/stm32cubeide_1.6.1/plugins/com.st.stm32cube.ide.mcu.externaltools.gnu-tools-for-stm32.9-2020-q2-update.linux64_1.5.0.202011040924/tools/bin/../lib/gcc/arm-none-eabi/9.3.1/../../../../arm-none-eabi/lib/thumb/v7e-m+fp/hard/libc_nano.a(lib_a-init.o)
                              /opt/st/stm32cubeide_1.6.1/plugins/com.st.stm32cube.ide.mcu.externaltools.gnu-tools-for-stm32.9-2020-q2-update.linux64_1.5.0.202011040924/tools/bin/../lib/gcc/arm-none-eabi/9.3.1/../../../../arm-none-eabi/lib/thumb/v7e-m+fp/hard/crt0.o (__libc_init_array)
/opt/st/stm32cubeide_1.6.1/plugins/com.st.stm32cube.ide.mcu.externaltools.gnu-tools-for-stm32.9-2020-q2-update.linux64_1.5.0.202011040924/tools/bin/../lib/gcc/arm-none-eabi/9.3.1/../../../../arm-none-eabi/lib/thumb/v7e-m+fp/hard/libc_nano.a(lib_a-memset.o)
                              /opt/st/stm32cubeide_1.6.1/plugins/com.st.stm32cube.ide.mcu.externaltools.gnu-tools-for-stm32.9-2020-q2-update.linux64_1.5.0.202011040924/tools/bin/../lib/gcc/arm-none-eabi/9.3.1/../../../../arm-none-eabi/lib/thumb/v7e-m+fp/hard/crt0.o (memset)
/opt/st/stm32cubeide_1.6.1/plugins/com.st.stm32cube.ide.mcu.externaltools.gnu-tools-for-stm32.9-2020-q2-update.linux64_1.5.0.202011040924/tools/bin/../lib/gcc/arm-none-eabi/9.3.1/thumb/v7e-m+fp/hard/libgcc.a(_aeabi_uldivmod.o)
                              Drivers/STM32L4xx_HAL_Driver/Src/stm32l4xx_hal_uart.o (__aeabi_uldivmod)
/opt/st/stm32cubeide_1.6.1/plugins/com.st.stm32cube.ide.mcu.externaltools.gnu-tools-for-stm32.9-2020-q2-update.linux64_1.5.0.202011040924/tools/bin/../lib/gcc/arm-none-eabi/9.3.1/thumb/v7e-m+fp/hard/libgcc.a(_udivmoddi4.o)
                              /opt/st/stm32cubeide_1.6.1/plugins/com.st.stm32cube.ide.mcu.externaltools.gnu-tools-for-stm32.9-2020-q2-update.linux64_1.5.0.202011040924/tools/bin/../lib/gcc/arm-none-eabi/9.3.1/thumb/v7e-m+fp/hard/libgcc.a(_aeabi_uldivmod.o) (__udivmoddi4)
/opt/st/stm32cubeide_1.6.1/plugins/com.st.stm32cube.ide.mcu.externaltools.gnu-tools-for-stm32.9-2020-q2-update.linux64_1.5.0.202011040924/tools/bin/../lib/gcc/arm-none-eabi/9.3.1/thumb/v7e-m+fp/hard/libgcc.a(_dvmd_tls.o)
                              /opt/st/stm32cubeide_1.6.1/plugins/com.st.stm32cube.ide.mcu.externaltools.gnu-tools-for-stm32.9-2020-q2-update.linux64_1.5.0.202011040924/tools/bin/../lib/gcc/arm-none-eabi/9.3.1/thumb/v7e-m+fp/hard/libgcc.a(_aeabi_uldivmod.o) (__aeabi_ldiv0)

Allocating common symbols
Common symbol       size              file

hUsbDeviceFS        0x2d0             USB_DEVICE/App/usb_device.o
hpcd_USB_OTG_FS     0x50c             USB_DEVICE/Target/usbd_conf.o
uwTick              0x4               Drivers/STM32L4xx_HAL_Driver/Src/stm32l4xx_hal.o
UserRxBufferFS      0x800             USB_DEVICE/App/usbd_cdc_if.o
UserTxBufferFS      0x800             USB_DEVICE/App/usbd_cdc_if.o
note_a4_on          0x3               Core/Src/main.o
huart2              0x84              Core/Src/main.o
note_a4_off         0x3               Core/Src/main.o
USBD_StrDesc        0x200             USB_DEVICE/App/usbd_desc.o

Discarded input sections

 .text          0x0000000000000000        0x0 /opt/st/stm32cubeide_1.6.1/plugins/com.st.stm32cube.ide.mcu.externaltools.gnu-tools-for-stm32.9-2020-q2-update.linux64_1.5.0.202011040924/tools/bin/../lib/gcc/arm-none-eabi/9.3.1/thumb/v7e-m+fp/hard/crti.o
[...]
Memory Configuration

Name             Origin             Length             Attributes
RAM              0x0000000020000000 0x0000000000018000 xrw
RAM2             0x0000000010000000 0x0000000000008000 xrw
FLASH            0x0000000008000000 0x0000000000100000 xr
*default*        0x0000000000000000 0xffffffffffffffff

Linker script and memory map

LOAD /opt/st/stm32cubeide_1.6.1/plugins/com.st.stm32cube.ide.mcu.externaltools.gnu-tools-for-stm32.9-2020-q2-update.linux64_1.5.0.202011040924/tools/bin/../lib/gcc/arm-none-eabi/9.3.1/thumb/v7e-m+fp/hard/crti.o
LOAD /opt/st/stm32cubeide_1.6.1/plugins/com.st.stm32cube.ide.mcu.externaltools.gnu-tools-for-stm32.9-2020-q2-update.linux64_1.5.0.202011040924/tools/bin/../lib/gcc/arm-none-eabi/9.3.1/thumb/v7e-m+fp/hard/crtbegin.o
LOAD /opt/st/stm32cubeide_1.6.1/plugins/com.st.stm32cube.ide.mcu.externaltools.gnu-tools-for-stm32.9-2020-q2-update.linux64_1.5.0.202011040924/tools/bin/../lib/gcc/arm-none-eabi/9.3.1/../../../../arm-none-eabi/lib/thumb/v7e-m+fp/hard/crt0.o
LOAD Core/Src/main.o
LOAD Core/Src/stm32l4xx_hal_msp.o
LOAD Core/Src/stm32l4xx_it.o
LOAD Core/Src/syscalls.o
LOAD Core/Src/sysmem.o
LOAD Core/Src/system_stm32l4xx.o
LOAD Core/Startup/startup_stm32l476rgtx.o
LOAD Drivers/STM32L4xx_HAL_Driver/Src/stm32l4xx_hal.o
LOAD Drivers/STM32L4xx_HAL_Driver/Src/stm32l4xx_hal_cortex.o
LOAD Drivers/STM32L4xx_HAL_Driver/Src/stm32l4xx_hal_dma.o
LOAD Drivers/STM32L4xx_HAL_Driver/Src/stm32l4xx_hal_dma_ex.o
LOAD Drivers/STM32L4xx_HAL_Driver/Src/stm32l4xx_hal_exti.o
LOAD Drivers/STM32L4xx_HAL_Driver/Src/stm32l4xx_hal_flash.o
LOAD Drivers/STM32L4xx_HAL_Driver/Src/stm32l4xx_hal_flash_ex.o
LOAD Drivers/STM32L4xx_HAL_Driver/Src/stm32l4xx_hal_flash_ramfunc.o
LOAD Drivers/STM32L4xx_HAL_Driver/Src/stm32l4xx_hal_gpio.o
LOAD Drivers/STM32L4xx_HAL_Driver/Src/stm32l4xx_hal_i2c.o
LOAD Drivers/STM32L4xx_HAL_Driver/Src/stm32l4xx_hal_i2c_ex.o
LOAD Drivers/STM32L4xx_HAL_Driver/Src/stm32l4xx_hal_pcd.o
LOAD Drivers/STM32L4xx_HAL_Driver/Src/stm32l4xx_hal_pcd_ex.o
LOAD Drivers/STM32L4xx_HAL_Driver/Src/stm32l4xx_hal_pwr.o
LOAD Drivers/STM32L4xx_HAL_Driver/Src/stm32l4xx_hal_pwr_ex.o
LOAD Drivers/STM32L4xx_HAL_Driver/Src/stm32l4xx_hal_rcc.o
LOAD Drivers/STM32L4xx_HAL_Driver/Src/stm32l4xx_hal_rcc_ex.o
LOAD Drivers/STM32L4xx_HAL_Driver/Src/stm32l4xx_hal_tim.o
LOAD Drivers/STM32L4xx_HAL_Driver/Src/stm32l4xx_hal_tim_ex.o
LOAD Drivers/STM32L4xx_HAL_Driver/Src/stm32l4xx_hal_uart.o
LOAD Drivers/STM32L4xx_HAL_Driver/Src/stm32l4xx_hal_uart_ex.o
LOAD Drivers/STM32L4xx_HAL_Driver/Src/stm32l4xx_ll_usb.o
LOAD Middlewares/ST/STM32_USB_Device_Library/Class/CDC/Src/usbd_cdc.o
LOAD Middlewares/ST/STM32_USB_Device_Library/Core/Src/usbd_core.o
LOAD Middlewares/ST/STM32_USB_Device_Library/Core/Src/usbd_ctlreq.o
LOAD Middlewares/ST/STM32_USB_Device_Library/Core/Src/usbd_ioreq.o
LOAD USB_DEVICE/App/usb_device.o
LOAD USB_DEVICE/App/usbd_cdc_if.o
LOAD USB_DEVICE/App/usbd_desc.o
LOAD USB_DEVICE/Target/usbd_conf.o
START GROUP
LOAD /opt/st/stm32cubeide_1.6.1/plugins/com.st.stm32cube.ide.mcu.externaltools.gnu-tools-for-stm32.9-2020-q2-update.linux64_1.5.0.202011040924/tools/bin/../lib/gcc/arm-none-eabi/9.3.1/../../../../arm-none-eabi/lib/thumb/v7e-m+fp/hard/libstdc++_nano.a
LOAD /opt/st/stm32cubeide_1.6.1/plugins/com.st.stm32cube.ide.mcu.externaltools.gnu-tools-for-stm32.9-2020-q2-update.linux64_1.5.0.202011040924/tools/bin/../lib/gcc/arm-none-eabi/9.3.1/../../../../arm-none-eabi/lib/thumb/v7e-m+fp/hard/libsupc++_nano.a
END GROUP
LOAD /opt/st/stm32cubeide_1.6.1/plugins/com.st.stm32cube.ide.mcu.externaltools.gnu-tools-for-stm32.9-2020-q2-update.linux64_1.5.0.202011040924/tools/bin/../lib/gcc/arm-none-eabi/9.3.1/../../../../arm-none-eabi/lib/thumb/v7e-m+fp/hard/libstdc++_nano.a
LOAD /opt/st/stm32cubeide_1.6.1/plugins/com.st.stm32cube.ide.mcu.externaltools.gnu-tools-for-stm32.9-2020-q2-update.linux64_1.5.0.202011040924/tools/bin/../lib/gcc/arm-none-eabi/9.3.1/../../../../arm-none-eabi/lib/thumb/v7e-m+fp/hard/libm.a
LOAD /opt/st/stm32cubeide_1.6.1/plugins/com.st.stm32cube.ide.mcu.externaltools.gnu-tools-for-stm32.9-2020-q2-update.linux64_1.5.0.202011040924/tools/bin/../lib/gcc/arm-none-eabi/9.3.1/../../../../arm-none-eabi/lib/thumb/v7e-m+fp/hard/libc_nano.a
START GROUP
LOAD /opt/st/stm32cubeide_1.6.1/plugins/com.st.stm32cube.ide.mcu.externaltools.gnu-tools-for-stm32.9-2020-q2-update.linux64_1.5.0.202011040924/tools/bin/../lib/gcc/arm-none-eabi/9.3.1/thumb/v7e-m+fp/hard/libgcc.a
LOAD /opt/st/stm32cubeide_1.6.1/plugins/com.st.stm32cube.ide.mcu.externaltools.gnu-tools-for-stm32.9-2020-q2-update.linux64_1.5.0.202011040924/tools/bin/../lib/gcc/arm-none-eabi/9.3.1/../../../../arm-none-eabi/lib/thumb/v7e-m+fp/hard/libc_nano.a
END GROUP
START GROUP
LOAD /opt/st/stm32cubeide_1.6.1/plugins/com.st.stm32cube.ide.mcu.externaltools.gnu-tools-for-stm32.9-2020-q2-update.linux64_1.5.0.202011040924/tools/bin/../lib/gcc/arm-none-eabi/9.3.1/thumb/v7e-m+fp/hard/libgcc.a
LOAD /opt/st/stm32cubeide_1.6.1/plugins/com.st.stm32cube.ide.mcu.externaltools.gnu-tools-for-stm32.9-2020-q2-update.linux64_1.5.0.202011040924/tools/bin/../lib/gcc/arm-none-eabi/9.3.1/../../../../arm-none-eabi/lib/thumb/v7e-m+fp/hard/libc_nano.a
LOAD /opt/st/stm32cubeide_1.6.1/plugins/com.st.stm32cube.ide.mcu.externaltools.gnu-tools-for-stm32.9-2020-q2-update.linux64_1.5.0.202011040924/tools/bin/../lib/gcc/arm-none-eabi/9.3.1/../../../../arm-none-eabi/lib/thumb/v7e-m+fp/hard/libnosys.a
END GROUP
START GROUP
LOAD /opt/st/stm32cubeide_1.6.1/plugins/com.st.stm32cube.ide.mcu.externaltools.gnu-tools-for-stm32.9-2020-q2-update.linux64_1.5.0.202011040924/tools/bin/../lib/gcc/arm-none-eabi/9.3.1/thumb/v7e-m+fp/hard/libgcc.a
LOAD /opt/st/stm32cubeide_1.6.1/plugins/com.st.stm32cube.ide.mcu.externaltools.gnu-tools-for-stm32.9-2020-q2-update.linux64_1.5.0.202011040924/tools/bin/../lib/gcc/arm-none-eabi/9.3.1/../../../../arm-none-eabi/lib/thumb/v7e-m+fp/hard/libc_nano.a
LOAD /opt/st/stm32cubeide_1.6.1/plugins/com.st.stm32cube.ide.mcu.externaltools.gnu-tools-for-stm32.9-2020-q2-update.linux64_1.5.0.202011040924/tools/bin/../lib/gcc/arm-none-eabi/9.3.1/../../../../arm-none-eabi/lib/thumb/v7e-m+fp/hard/libnosys.a
END GROUP
LOAD /opt/st/stm32cubeide_1.6.1/plugins/com.st.stm32cube.ide.mcu.externaltools.gnu-tools-for-stm32.9-2020-q2-update.linux64_1.5.0.202011040924/tools/bin/../lib/gcc/arm-none-eabi/9.3.1/thumb/v7e-m+fp/hard/crtend.o
LOAD /opt/st/stm32cubeide_1.6.1/plugins/com.st.stm32cube.ide.mcu.externaltools.gnu-tools-for-stm32.9-2020-q2-update.linux64_1.5.0.202011040924/tools/bin/../lib/gcc/arm-none-eabi/9.3.1/thumb/v7e-m+fp/hard/crtn.o
                0x0000000020018000                _estack = (ORIGIN (RAM) + LENGTH (RAM))
                0x0000000000000200                _Min_Heap_Size = 0x200
                0x0000000000000400                _Min_Stack_Size = 0x400

.isr_vector     0x0000000008000000      0x188
                0x0000000008000000                . = ALIGN (0x4)
 *(.isr_vector)
 .isr_vector    0x0000000008000000      0x188 Core/Startup/startup_stm32l476rgtx.o
                0x0000000008000000                g_pfnVectors
                0x0000000008000188                . = ALIGN (0x4)

.text           0x0000000008000188     0x7180
                0x0000000008000188                . = ALIGN (0x4)
 *(.text)
 .text          0x0000000008000188       0x40 /opt/st/stm32cubeide_1.6.1/plugins/com.st.stm32cube.ide.mcu.externaltools.gnu-tools-for-stm32.9-2020-q2-update.linux64_1.5.0.202011040924/tools/bin/../lib/gcc/arm-none-eabi/9.3.1/thumb/v7e-m+fp/hard/crtbegin.o
 *(.text*)
 .text.main     0x00000000080001c8       0x6c Core/Src/main.o
                0x00000000080001c8                main
 .text.SystemClock_Config
                0x0000000008000234      0x138 Core/Src/main.o
                0x0000000008000234                SystemClock_Config
 .text.MX_GPIO_Init
                0x000000000800036c       0xcc Core/Src/main.o
 .text.Error_Handler
                0x0000000008000438        0xa Core/Src/main.o
                0x0000000008000438                Error_Handler
 *fill*         0x0000000008000442        0x2 
 .text.HAL_MspInit
                0x0000000008000444       0x48 Core/Src/stm32l4xx_hal_msp.o
                0x0000000008000444                HAL_MspInit
 .text.NMI_Handler
                0x000000000800048c        0x6 Core/Src/stm32l4xx_it.o
                0x000000000800048c                NMI_Handler
 .text.HardFault_Handler
                0x0000000008000492        0x6 Core/Src/stm32l4xx_it.o
                0x0000000008000492                HardFault_Handler
 .text.MemManage_Handler
                0x0000000008000498        0x6 Core/Src/stm32l4xx_it.o
                0x0000000008000498                MemManage_Handler
 .text.BusFault_Handler
                0x000000000800049e        0x6 Core/Src/stm32l4xx_it.o
                0x000000000800049e                BusFault_Handler
 .text.UsageFault_Handler
                0x00000000080004a4        0x6 Core/Src/stm32l4xx_it.o
                0x00000000080004a4                UsageFault_Handler
 .text.SVC_Handler
                0x00000000080004aa        0xe Core/Src/stm32l4xx_it.o
                0x00000000080004aa                SVC_Handler
 .text.DebugMon_Handler
                0x00000000080004b8        0xe Core/Src/stm32l4xx_it.o
                0x00000000080004b8                DebugMon_Handler
 .text.PendSV_Handler
                0x00000000080004c6        0xe Core/Src/stm32l4xx_it.o
                0x00000000080004c6                PendSV_Handler
 .text.SysTick_Handler
                0x00000000080004d4        0xc Core/Src/stm32l4xx_it.o
                0x00000000080004d4                SysTick_Handler
 .text.OTG_FS_IRQHandler
                0x00000000080004e0       0x14 Core/Src/stm32l4xx_it.o
                0x00000000080004e0                OTG_FS_IRQHandler
 .text.SystemInit
                0x00000000080004f4       0x24 Core/Src/system_stm32l4xx.o
                0x00000000080004f4                SystemInit
 .text.Reset_Handler
                0x0000000008000518       0x50 Core/Startup/startup_stm32l476rgtx.o
                0x0000000008000518                Reset_Handler
 .text.Default_Handler
                0x0000000008000568        0x2 Core/Startup/startup_stm32l476rgtx.o
                0x0000000008000568                RTC_Alarm_IRQHandler
                0x0000000008000568                EXTI2_IRQHandler
                0x0000000008000568                TIM8_TRG_COM_IRQHandler
                0x0000000008000568                TIM8_CC_IRQHandler
                0x0000000008000568                TIM1_CC_IRQHandler
                0x0000000008000568                TSC_IRQHandler
                0x0000000008000568                TAMP_STAMP_IRQHandler
                0x0000000008000568                EXTI3_IRQHandler
                0x0000000008000568                LPTIM2_IRQHandler
                0x0000000008000568                DFSDM1_FLT1_IRQHandler
                0x0000000008000568                I2C3_ER_IRQHandler
                0x0000000008000568                DFSDM1_FLT2_IRQHandler
                0x0000000008000568                EXTI0_IRQHandler
                0x0000000008000568                I2C2_EV_IRQHandler
                0x0000000008000568                CAN1_RX0_IRQHandler
                0x0000000008000568                FPU_IRQHandler
                0x0000000008000568                TIM1_UP_TIM16_IRQHandler
                0x0000000008000568                ADC1_2_IRQHandler
                0x0000000008000568                SPI1_IRQHandler
                0x0000000008000568                TIM6_DAC_IRQHandler
                0x0000000008000568                TIM8_UP_IRQHandler
                0x0000000008000568                DMA2_Channel2_IRQHandler
                0x0000000008000568                DMA1_Channel4_IRQHandler
                0x0000000008000568                SAI2_IRQHandler
                0x0000000008000568                DFSDM1_FLT3_IRQHandler
                0x0000000008000568                USART3_IRQHandler
                0x0000000008000568                DMA1_Channel7_IRQHandler
                0x0000000008000568                CAN1_RX1_IRQHandler
                0x0000000008000568                LCD_IRQHandler
                0x0000000008000568                UART5_IRQHandler
                0x0000000008000568                ADC3_IRQHandler
                0x0000000008000568                TIM4_IRQHandler
                0x0000000008000568                DMA2_Channel1_IRQHandler
                0x0000000008000568                QUADSPI_IRQHandler
                0x0000000008000568                I2C1_EV_IRQHandler
                0x0000000008000568                DMA1_Channel6_IRQHandler
                0x0000000008000568                UART4_IRQHandler
                0x0000000008000568                DMA2_Channel4_IRQHandler
                0x0000000008000568                TIM3_IRQHandler
                0x0000000008000568                RCC_IRQHandler
                0x0000000008000568                DMA1_Channel1_IRQHandler
                0x0000000008000568                Default_Handler
                0x0000000008000568                DMA2_Channel7_IRQHandler
                0x0000000008000568                EXTI15_10_IRQHandler
                0x0000000008000568                TIM7_IRQHandler
                0x0000000008000568                SDMMC1_IRQHandler
                0x0000000008000568                TIM5_IRQHandler
                0x0000000008000568                I2C3_EV_IRQHandler
                0x0000000008000568                EXTI9_5_IRQHandler
                0x0000000008000568                RTC_WKUP_IRQHandler
                0x0000000008000568                PVD_PVM_IRQHandler
                0x0000000008000568                SPI2_IRQHandler
                0x0000000008000568                CAN1_TX_IRQHandler
                0x0000000008000568                DMA2_Channel5_IRQHandler
                0x0000000008000568                DMA1_Channel5_IRQHandler
                0x0000000008000568                EXTI4_IRQHandler
                0x0000000008000568                RNG_IRQHandler
                0x0000000008000568                TIM1_TRG_COM_TIM17_IRQHandler
                0x0000000008000568                DMA1_Channel3_IRQHandler
                0x0000000008000568                COMP_IRQHandler
                0x0000000008000568                WWDG_IRQHandler
                0x0000000008000568                LPUART1_IRQHandler
                0x0000000008000568                DMA2_Channel6_IRQHandler
                0x0000000008000568                TIM2_IRQHandler
                0x0000000008000568                EXTI1_IRQHandler
                0x0000000008000568                USART2_IRQHandler
                0x0000000008000568                DFSDM1_FLT0_IRQHandler
                0x0000000008000568                I2C2_ER_IRQHandler
                0x0000000008000568                DMA1_Channel2_IRQHandler
                0x0000000008000568                TIM8_BRK_IRQHandler
                0x0000000008000568                CAN1_SCE_IRQHandler
                0x0000000008000568                FLASH_IRQHandler
                0x0000000008000568                USART1_IRQHandler
                0x0000000008000568                SPI3_IRQHandler
                0x0000000008000568                I2C1_ER_IRQHandler
                0x0000000008000568                FMC_IRQHandler
                0x0000000008000568                SWPMI1_IRQHandler
                0x0000000008000568                LPTIM1_IRQHandler
                0x0000000008000568                SAI1_IRQHandler
                0x0000000008000568                DMA2_Channel3_IRQHandler
                0x0000000008000568                TIM1_BRK_TIM15_IRQHandler
 *fill*         0x000000000800056a        0x2 
 .text.HAL_Init
                0x000000000800056c       0x40 Drivers/STM32L4xx_HAL_Driver/Src/stm32l4xx_hal.o
                0x000000000800056c                HAL_Init
 .text.HAL_InitTick
                0x00000000080005ac       0x78 Drivers/STM32L4xx_HAL_Driver/Src/stm32l4xx_hal.o
                0x00000000080005ac                HAL_InitTick
 .text.HAL_IncTick
                0x0000000008000624       0x28 Drivers/STM32L4xx_HAL_Driver/Src/stm32l4xx_hal.o
                0x0000000008000624                HAL_IncTick
 .text.HAL_GetTick
                0x000000000800064c       0x18 Drivers/STM32L4xx_HAL_Driver/Src/stm32l4xx_hal.o
                0x000000000800064c                HAL_GetTick
 .text.HAL_Delay
                0x0000000008000664       0x48 Drivers/STM32L4xx_HAL_Driver/Src/stm32l4xx_hal.o
                0x0000000008000664                HAL_Delay
 .text.__NVIC_SetPriorityGrouping
                0x00000000080006ac       0x48 Drivers/STM32L4xx_HAL_Driver/Src/stm32l4xx_hal_cortex.o
 .text.__NVIC_GetPriorityGrouping
                0x00000000080006f4       0x1c Drivers/STM32L4xx_HAL_Driver/Src/stm32l4xx_hal_cortex.o
 .text.__NVIC_EnableIRQ
                0x0000000008000710       0x3c Drivers/STM32L4xx_HAL_Driver/Src/stm32l4xx_hal_cortex.o
 .text.__NVIC_SetPriority
                0x000000000800074c       0x54 Drivers/STM32L4xx_HAL_Driver/Src/stm32l4xx_hal_cortex.o
 .text.NVIC_EncodePriority
                0x00000000080007a0       0x66 Drivers/STM32L4xx_HAL_Driver/Src/stm32l4xx_hal_cortex.o
 *fill*         0x0000000008000806        0x2 
 .text.SysTick_Config
                0x0000000008000808       0x44 Drivers/STM32L4xx_HAL_Driver/Src/stm32l4xx_hal_cortex.o
 .text.HAL_NVIC_SetPriorityGrouping
                0x000000000800084c       0x16 Drivers/STM32L4xx_HAL_Driver/Src/stm32l4xx_hal_cortex.o
                0x000000000800084c                HAL_NVIC_SetPriorityGrouping
 .text.HAL_NVIC_SetPriority
                0x0000000008000862       0x38 Drivers/STM32L4xx_HAL_Driver/Src/stm32l4xx_hal_cortex.o
                0x0000000008000862                HAL_NVIC_SetPriority
 .text.HAL_NVIC_EnableIRQ
                0x000000000800089a       0x1c Drivers/STM32L4xx_HAL_Driver/Src/stm32l4xx_hal_cortex.o
                0x000000000800089a                HAL_NVIC_EnableIRQ
 .text.HAL_SYSTICK_Config
                0x00000000080008b6       0x18 Drivers/STM32L4xx_HAL_Driver/Src/stm32l4xx_hal_cortex.o
                0x00000000080008b6                HAL_SYSTICK_Config
 *fill*         0x00000000080008ce        0x2 
 .text.HAL_GPIO_Init
                0x00000000080008d0      0x354 Drivers/STM32L4xx_HAL_Driver/Src/stm32l4xx_hal_gpio.o
                0x00000000080008d0                HAL_GPIO_Init
 .text.HAL_GPIO_WritePin
                0x0000000008000c24       0x30 Drivers/STM32L4xx_HAL_Driver/Src/stm32l4xx_hal_gpio.o
                0x0000000008000c24                HAL_GPIO_WritePin
 .text.HAL_GPIO_TogglePin
                0x0000000008000c54       0x34 Drivers/STM32L4xx_HAL_Driver/Src/stm32l4xx_hal_gpio.o
                0x0000000008000c54                HAL_GPIO_TogglePin
 .text.HAL_PCD_Init
                0x0000000008000c88      0x248 Drivers/STM32L4xx_HAL_Driver/Src/stm32l4xx_hal_pcd.o
                0x0000000008000c88                HAL_PCD_Init
 .text.HAL_PCD_Start
                0x0000000008000ed0       0x5e Drivers/STM32L4xx_HAL_Driver/Src/stm32l4xx_hal_pcd.o
                0x0000000008000ed0                HAL_PCD_Start
 .text.HAL_PCD_IRQHandler
                0x0000000008000f2e      0x926 Drivers/STM32L4xx_HAL_Driver/Src/stm32l4xx_hal_pcd.o
                0x0000000008000f2e                HAL_PCD_IRQHandler
 .text.HAL_PCD_SetAddress
                0x0000000008001854       0x4a Drivers/STM32L4xx_HAL_Driver/Src/stm32l4xx_hal_pcd.o
                0x0000000008001854                HAL_PCD_SetAddress
 .text.HAL_PCD_EP_Open
                0x000000000800189e       0xd0 Drivers/STM32L4xx_HAL_Driver/Src/stm32l4xx_hal_pcd.o
                0x000000000800189e                HAL_PCD_EP_Open
 .text.HAL_PCD_EP_Close
                0x000000000800196e       0x94 Drivers/STM32L4xx_HAL_Driver/Src/stm32l4xx_hal_pcd.o
                0x000000000800196e                HAL_PCD_EP_Close
 .text.HAL_PCD_EP_Receive
                0x0000000008001a02       0x7c Drivers/STM32L4xx_HAL_Driver/Src/stm32l4xx_hal_pcd.o
                0x0000000008001a02                HAL_PCD_EP_Receive
 .text.HAL_PCD_EP_GetRxCount
                0x0000000008001a7e       0x30 Drivers/STM32L4xx_HAL_Driver/Src/stm32l4xx_hal_pcd.o
                0x0000000008001a7e                HAL_PCD_EP_GetRxCount
 .text.HAL_PCD_EP_Transmit
                0x0000000008001aae       0x7a Drivers/STM32L4xx_HAL_Driver/Src/stm32l4xx_hal_pcd.o
                0x0000000008001aae                HAL_PCD_EP_Transmit
 .text.HAL_PCD_EP_SetStall
                0x0000000008001b28       0xc4 Drivers/STM32L4xx_HAL_Driver/Src/stm32l4xx_hal_pcd.o
                0x0000000008001b28                HAL_PCD_EP_SetStall
 .text.HAL_PCD_EP_ClrStall
                0x0000000008001bec       0xac Drivers/STM32L4xx_HAL_Driver/Src/stm32l4xx_hal_pcd.o
                0x0000000008001bec                HAL_PCD_EP_ClrStall
 .text.HAL_PCD_EP_Abort
                0x0000000008001c98       0x62 Drivers/STM32L4xx_HAL_Driver/Src/stm32l4xx_hal_pcd.o
                0x0000000008001c98                HAL_PCD_EP_Abort
 .text.PCD_WriteEmptyTxFifo
                0x0000000008001cfa      0x110 Drivers/STM32L4xx_HAL_Driver/Src/stm32l4xx_hal_pcd.o
 *fill*         0x0000000008001e0a        0x2 
 .text.PCD_EP_OutXfrComplete_int
                0x0000000008001e0c       0x9c Drivers/STM32L4xx_HAL_Driver/Src/stm32l4xx_hal_pcd.o
 .text.PCD_EP_OutSetupPacket_int
                0x0000000008001ea8       0x68 Drivers/STM32L4xx_HAL_Driver/Src/stm32l4xx_hal_pcd.o
 .text.HAL_PCDEx_SetTxFiFo
                0x0000000008001f10       0x8e Drivers/STM32L4xx_HAL_Driver/Src/stm32l4xx_hal_pcd_ex.o
                0x0000000008001f10                HAL_PCDEx_SetTxFiFo
 .text.HAL_PCDEx_SetRxFiFo
                0x0000000008001f9e       0x22 Drivers/STM32L4xx_HAL_Driver/Src/stm32l4xx_hal_pcd_ex.o
                0x0000000008001f9e                HAL_PCDEx_SetRxFiFo
 .text.HAL_PCDEx_ActivateLPM
                0x0000000008001fc0       0x48 Drivers/STM32L4xx_HAL_Driver/Src/stm32l4xx_hal_pcd_ex.o
                0x0000000008001fc0                HAL_PCDEx_ActivateLPM
 .text.HAL_PWR_EnableBkUpAccess
                0x0000000008002008       0x20 Drivers/STM32L4xx_HAL_Driver/Src/stm32l4xx_hal_pwr.o
                0x0000000008002008                HAL_PWR_EnableBkUpAccess
 .text.HAL_PWREx_GetVoltageRange
                0x0000000008002028       0x1c Drivers/STM32L4xx_HAL_Driver/Src/stm32l4xx_hal_pwr_ex.o
                0x0000000008002028                HAL_PWREx_GetVoltageRange
 .text.HAL_PWREx_ControlVoltageScaling
                0x0000000008002044       0xac Drivers/STM32L4xx_HAL_Driver/Src/stm32l4xx_hal_pwr_ex.o
                0x0000000008002044                HAL_PWREx_ControlVoltageScaling
 .text.HAL_PWREx_EnableVddUSB
                0x00000000080020f0       0x20 Drivers/STM32L4xx_HAL_Driver/Src/stm32l4xx_hal_pwr_ex.o
                0x00000000080020f0                HAL_PWREx_EnableVddUSB
 .text.HAL_RCC_OscConfig
                0x0000000008002110      0x7b4 Drivers/STM32L4xx_HAL_Driver/Src/stm32l4xx_hal_rcc.o
                0x0000000008002110                HAL_RCC_OscConfig
 .text.HAL_RCC_ClockConfig
                0x00000000080028c4      0x200 Drivers/STM32L4xx_HAL_Driver/Src/stm32l4xx_hal_rcc.o
                0x00000000080028c4                HAL_RCC_ClockConfig
 .text.HAL_RCC_GetSysClockFreq
                0x0000000008002ac4      0x118 Drivers/STM32L4xx_HAL_Driver/Src/stm32l4xx_hal_rcc.o
                0x0000000008002ac4                HAL_RCC_GetSysClockFreq
 .text.HAL_RCC_GetHCLKFreq
                0x0000000008002bdc       0x18 Drivers/STM32L4xx_HAL_Driver/Src/stm32l4xx_hal_rcc.o
                0x0000000008002bdc                HAL_RCC_GetHCLKFreq
 .text.RCC_SetFlashLatencyFromMSIRange
                0x0000000008002bf4       0xc0 Drivers/STM32L4xx_HAL_Driver/Src/stm32l4xx_hal_rcc.o
 .text.HAL_RCCEx_PeriphCLKConfig
                0x0000000008002cb4      0x5d4 Drivers/STM32L4xx_HAL_Driver/Src/stm32l4xx_hal_rcc_ex.o
                0x0000000008002cb4                HAL_RCCEx_PeriphCLKConfig
 .text.HAL_RCCEx_EnableMSIPLLMode
                0x0000000008003288       0x20 Drivers/STM32L4xx_HAL_Driver/Src/stm32l4xx_hal_rcc_ex.o
                0x0000000008003288                HAL_RCCEx_EnableMSIPLLMode
 .text.RCCEx_PLLSAI1_Config
                0x00000000080032a8      0x1e8 Drivers/STM32L4xx_HAL_Driver/Src/stm32l4xx_hal_rcc_ex.o
 .text.RCCEx_PLLSAI2_Config
                0x0000000008003490      0x1bc Drivers/STM32L4xx_HAL_Driver/Src/stm32l4xx_hal_rcc_ex.o
 .text.USB_CoreInit
                0x000000000800364c       0x58 Drivers/STM32L4xx_HAL_Driver/Src/stm32l4xx_ll_usb.o
                0x000000000800364c                USB_CoreInit
 .text.USB_SetTurnaroundTime
                0x00000000080036a4      0x138 Drivers/STM32L4xx_HAL_Driver/Src/stm32l4xx_ll_usb.o
                0x00000000080036a4                USB_SetTurnaroundTime
 .text.USB_EnableGlobalInt
                0x00000000080037dc       0x22 Drivers/STM32L4xx_HAL_Driver/Src/stm32l4xx_ll_usb.o
                0x00000000080037dc                USB_EnableGlobalInt
 .text.USB_DisableGlobalInt
                0x00000000080037fe       0x22 Drivers/STM32L4xx_HAL_Driver/Src/stm32l4xx_ll_usb.o
                0x00000000080037fe                USB_DisableGlobalInt
 .text.USB_SetCurrentMode
                0x0000000008003820       0x98 Drivers/STM32L4xx_HAL_Driver/Src/stm32l4xx_ll_usb.o
                0x0000000008003820                USB_SetCurrentMode
 .text.USB_DevInit
                0x00000000080038b8      0x298 Drivers/STM32L4xx_HAL_Driver/Src/stm32l4xx_ll_usb.o
                0x00000000080038b8                USB_DevInit
 .text.USB_FlushTxFifo
                0x0000000008003b50       0x68 Drivers/STM32L4xx_HAL_Driver/Src/stm32l4xx_ll_usb.o
                0x0000000008003b50                USB_FlushTxFifo
 .text.USB_FlushRxFifo
                0x0000000008003bb8       0x60 Drivers/STM32L4xx_HAL_Driver/Src/stm32l4xx_ll_usb.o
                0x0000000008003bb8                USB_FlushRxFifo
 .text.USB_SetDevSpeed
                0x0000000008003c18       0x32 Drivers/STM32L4xx_HAL_Driver/Src/stm32l4xx_ll_usb.o
                0x0000000008003c18                USB_SetDevSpeed
 .text.USB_GetDevSpeed
                0x0000000008003c4a       0x3e Drivers/STM32L4xx_HAL_Driver/Src/stm32l4xx_ll_usb.o
                0x0000000008003c4a                USB_GetDevSpeed
 .text.USB_ActivateEndpoint
                0x0000000008003c88      0x10e Drivers/STM32L4xx_HAL_Driver/Src/stm32l4xx_ll_usb.o
                0x0000000008003c88                USB_ActivateEndpoint
 *fill*         0x0000000008003d96        0x2 
 .text.USB_DeactivateEndpoint
                0x0000000008003d98      0x1b8 Drivers/STM32L4xx_HAL_Driver/Src/stm32l4xx_ll_usb.o
                0x0000000008003d98                USB_DeactivateEndpoint
 .text.USB_EPStartXfer
                0x0000000008003f50      0x3c0 Drivers/STM32L4xx_HAL_Driver/Src/stm32l4xx_ll_usb.o
                0x0000000008003f50                USB_EPStartXfer
 .text.USB_EP0StartXfer
                0x0000000008004310      0x244 Drivers/STM32L4xx_HAL_Driver/Src/stm32l4xx_ll_usb.o
                0x0000000008004310                USB_EP0StartXfer
 .text.USB_EPStopXfer
                0x0000000008004554      0x154 Drivers/STM32L4xx_HAL_Driver/Src/stm32l4xx_ll_usb.o
                0x0000000008004554                USB_EPStopXfer
 .text.USB_WritePacket
                0x00000000080046a8       0x74 Drivers/STM32L4xx_HAL_Driver/Src/stm32l4xx_ll_usb.o
                0x00000000080046a8                USB_WritePacket
 .text.USB_ReadPacket
                0x000000000800471c       0xb0 Drivers/STM32L4xx_HAL_Driver/Src/stm32l4xx_ll_usb.o
                0x000000000800471c                USB_ReadPacket
 .text.USB_EPSetStall
                0x00000000080047cc       0xdc Drivers/STM32L4xx_HAL_Driver/Src/stm32l4xx_ll_usb.o
                0x00000000080047cc                USB_EPSetStall
 .text.USB_EPClearStall
                0x00000000080048a8       0xcc Drivers/STM32L4xx_HAL_Driver/Src/stm32l4xx_ll_usb.o
                0x00000000080048a8                USB_EPClearStall
 .text.USB_SetDevAddress
                0x0000000008004974       0x4c Drivers/STM32L4xx_HAL_Driver/Src/stm32l4xx_ll_usb.o
                0x0000000008004974                USB_SetDevAddress
 .text.USB_DevConnect
                0x00000000080049c0       0x42 Drivers/STM32L4xx_HAL_Driver/Src/stm32l4xx_ll_usb.o
                0x00000000080049c0                USB_DevConnect
 .text.USB_DevDisconnect
                0x0000000008004a02       0x42 Drivers/STM32L4xx_HAL_Driver/Src/stm32l4xx_ll_usb.o
                0x0000000008004a02                USB_DevDisconnect
 .text.USB_ReadInterrupts
                0x0000000008004a44       0x26 Drivers/STM32L4xx_HAL_Driver/Src/stm32l4xx_ll_usb.o
                0x0000000008004a44                USB_ReadInterrupts
 .text.USB_ReadDevAllOutEpInterrupt
                0x0000000008004a6a       0x34 Drivers/STM32L4xx_HAL_Driver/Src/stm32l4xx_ll_usb.o
                0x0000000008004a6a                USB_ReadDevAllOutEpInterrupt
 .text.USB_ReadDevAllInEpInterrupt
                0x0000000008004a9e       0x34 Drivers/STM32L4xx_HAL_Driver/Src/stm32l4xx_ll_usb.o
                0x0000000008004a9e                USB_ReadDevAllInEpInterrupt
 .text.USB_ReadDevOutEPInterrupt
                0x0000000008004ad2       0x3c Drivers/STM32L4xx_HAL_Driver/Src/stm32l4xx_ll_usb.o
                0x0000000008004ad2                USB_ReadDevOutEPInterrupt
 .text.USB_ReadDevInEPInterrupt
                0x0000000008004b0e       0x5c Drivers/STM32L4xx_HAL_Driver/Src/stm32l4xx_ll_usb.o
                0x0000000008004b0e                USB_ReadDevInEPInterrupt
 .text.USB_GetMode
                0x0000000008004b6a       0x1c Drivers/STM32L4xx_HAL_Driver/Src/stm32l4xx_ll_usb.o
                0x0000000008004b6a                USB_GetMode
 .text.USB_ActivateSetup
                0x0000000008004b86       0x46 Drivers/STM32L4xx_HAL_Driver/Src/stm32l4xx_ll_usb.o
                0x0000000008004b86                USB_ActivateSetup
 .text.USB_EP0_OutStart
                0x0000000008004bcc       0x90 Drivers/STM32L4xx_HAL_Driver/Src/stm32l4xx_ll_usb.o
                0x0000000008004bcc                USB_EP0_OutStart
 .text.USB_CoreReset
                0x0000000008004c5c       0x68 Drivers/STM32L4xx_HAL_Driver/Src/stm32l4xx_ll_usb.o
 .text.USBD_CDC_Init
                0x0000000008004cc4       0xfe Middlewares/ST/STM32_USB_Device_Library/Class/CDC/Src/usbd_cdc.o
 .text.USBD_CDC_DeInit
                0x0000000008004dc2       0x74 Middlewares/ST/STM32_USB_Device_Library/Class/CDC/Src/usbd_cdc.o
 *fill*         0x0000000008004e36        0x2 
 .text.USBD_CDC_Setup
                0x0000000008004e38      0x190 Middlewares/ST/STM32_USB_Device_Library/Class/CDC/Src/usbd_cdc.o
 .text.USBD_CDC_DataIn
                0x0000000008004fc8       0xca Middlewares/ST/STM32_USB_Device_Library/Class/CDC/Src/usbd_cdc.o
 .text.USBD_CDC_DataOut
                0x0000000008005092       0x56 Middlewares/ST/STM32_USB_Device_Library/Class/CDC/Src/usbd_cdc.o
 .text.USBD_CDC_EP0_RxReady
                0x00000000080050e8       0x5a Middlewares/ST/STM32_USB_Device_Library/Class/CDC/Src/usbd_cdc.o
 *fill*         0x0000000008005142        0x2 
 .text.USBD_CDC_GetFSCfgDesc
                0x0000000008005144       0x20 Middlewares/ST/STM32_USB_Device_Library/Class/CDC/Src/usbd_cdc.o
 .text.USBD_CDC_GetHSCfgDesc
                0x0000000008005164       0x20 Middlewares/ST/STM32_USB_Device_Library/Class/CDC/Src/usbd_cdc.o
 .text.USBD_CDC_GetOtherSpeedCfgDesc
                0x0000000008005184       0x20 Middlewares/ST/STM32_USB_Device_Library/Class/CDC/Src/usbd_cdc.o
 .text.USBD_CDC_GetDeviceQualifierDescriptor
                0x00000000080051a4       0x20 Middlewares/ST/STM32_USB_Device_Library/Class/CDC/Src/usbd_cdc.o
                0x00000000080051a4                USBD_CDC_GetDeviceQualifierDescriptor
 .text.USBD_CDC_RegisterInterface
                0x00000000080051c4       0x2a Middlewares/ST/STM32_USB_Device_Library/Class/CDC/Src/usbd_cdc.o
                0x00000000080051c4                USBD_CDC_RegisterInterface
 .text.USBD_CDC_SetTxBuffer
                0x00000000080051ee       0x3c Middlewares/ST/STM32_USB_Device_Library/Class/CDC/Src/usbd_cdc.o
                0x00000000080051ee                USBD_CDC_SetTxBuffer
 .text.USBD_CDC_SetRxBuffer
                0x000000000800522a       0x32 Middlewares/ST/STM32_USB_Device_Library/Class/CDC/Src/usbd_cdc.o
                0x000000000800522a                USBD_CDC_SetRxBuffer
 .text.USBD_CDC_TransmitPacket
                0x000000000800525c       0x60 Middlewares/ST/STM32_USB_Device_Library/Class/CDC/Src/usbd_cdc.o
                0x000000000800525c                USBD_CDC_TransmitPacket
 .text.USBD_CDC_ReceivePacket
                0x00000000080052bc       0x54 Middlewares/ST/STM32_USB_Device_Library/Class/CDC/Src/usbd_cdc.o
                0x00000000080052bc                USBD_CDC_ReceivePacket
 .text.USBD_Init
                0x0000000008005310       0x60 Middlewares/ST/STM32_USB_Device_Library/Core/Src/usbd_core.o
                0x0000000008005310                USBD_Init
 .text.USBD_RegisterClass
                0x0000000008005370       0x4e Middlewares/ST/STM32_USB_Device_Library/Core/Src/usbd_core.o
                0x0000000008005370                USBD_RegisterClass
 .text.USBD_Start
                0x00000000080053be       0x18 Middlewares/ST/STM32_USB_Device_Library/Core/Src/usbd_core.o
                0x00000000080053be                USBD_Start
 .text.USBD_RunTestMode
                0x00000000080053d6       0x16 Middlewares/ST/STM32_USB_Device_Library/Core/Src/usbd_core.o
                0x00000000080053d6                USBD_RunTestMode
 .text.USBD_SetClassConfig
                0x00000000080053ec       0x38 Middlewares/ST/STM32_USB_Device_Library/Core/Src/usbd_core.o
                0x00000000080053ec                USBD_SetClassConfig
 .text.USBD_ClrClassConfig
                0x0000000008005424       0x30 Middlewares/ST/STM32_USB_Device_Library/Core/Src/usbd_core.o
                0x0000000008005424                USBD_ClrClassConfig
 .text.USBD_LL_SetupStage
                0x0000000008005454       0xaa Middlewares/ST/STM32_USB_Device_Library/Core/Src/usbd_core.o
                0x0000000008005454                USBD_LL_SetupStage
 .text.USBD_LL_DataOutStage
                0x00000000080054fe       0xc6 Middlewares/ST/STM32_USB_Device_Library/Core/Src/usbd_core.o
                0x00000000080054fe                USBD_LL_DataOutStage
 .text.USBD_LL_DataInStage
                0x00000000080055c4      0x12c Middlewares/ST/STM32_USB_Device_Library/Core/Src/usbd_core.o
                0x00000000080055c4                USBD_LL_DataInStage
 .text.USBD_LL_Reset
                0x00000000080056f0       0x9c Middlewares/ST/STM32_USB_Device_Library/Core/Src/usbd_core.o
                0x00000000080056f0                USBD_LL_Reset
 .text.USBD_LL_SetSpeed
                0x000000000800578c       0x20 Middlewares/ST/STM32_USB_Device_Library/Core/Src/usbd_core.o
                0x000000000800578c                USBD_LL_SetSpeed
 .text.USBD_LL_Suspend
                0x00000000080057ac       0x2c Middlewares/ST/STM32_USB_Device_Library/Core/Src/usbd_core.o
                0x00000000080057ac                USBD_LL_Suspend
 .text.USBD_LL_Resume
                0x00000000080057d8       0x30 Middlewares/ST/STM32_USB_Device_Library/Core/Src/usbd_core.o
                0x00000000080057d8                USBD_LL_Resume
 .text.USBD_LL_SOF
                0x0000000008005808       0x44 Middlewares/ST/STM32_USB_Device_Library/Core/Src/usbd_core.o
                0x0000000008005808                USBD_LL_SOF
 .text.USBD_LL_IsoINIncomplete
                0x000000000800584c       0x4c Middlewares/ST/STM32_USB_Device_Library/Core/Src/usbd_core.o
                0x000000000800584c                USBD_LL_IsoINIncomplete
 .text.USBD_LL_IsoOUTIncomplete
                0x0000000008005898       0x4c Middlewares/ST/STM32_USB_Device_Library/Core/Src/usbd_core.o
                0x0000000008005898                USBD_LL_IsoOUTIncomplete
 .text.USBD_LL_DevConnected
                0x00000000080058e4       0x16 Middlewares/ST/STM32_USB_Device_Library/Core/Src/usbd_core.o
                0x00000000080058e4                USBD_LL_DevConnected
 .text.USBD_LL_DevDisconnected
                0x00000000080058fa       0x38 Middlewares/ST/STM32_USB_Device_Library/Core/Src/usbd_core.o
                0x00000000080058fa                USBD_LL_DevDisconnected
 .text.SWAPBYTE
                0x0000000008005932       0x3c Middlewares/ST/STM32_USB_Device_Library/Core/Src/usbd_ctlreq.o
 *fill*         0x000000000800596e        0x2 
 .text.USBD_StdDevReq
                0x0000000008005970       0xdc Middlewares/ST/STM32_USB_Device_Library/Core/Src/usbd_ctlreq.o
                0x0000000008005970                USBD_StdDevReq
 .text.USBD_StdItfReq
                0x0000000008005a4c       0x92 Middlewares/ST/STM32_USB_Device_Library/Core/Src/usbd_ctlreq.o
                0x0000000008005a4c                USBD_StdItfReq
 .text.USBD_StdEPReq
                0x0000000008005ade      0x2c4 Middlewares/ST/STM32_USB_Device_Library/Core/Src/usbd_ctlreq.o
                0x0000000008005ade                USBD_StdEPReq
 *fill*         0x0000000008005da2        0x2 
 .text.USBD_GetDescriptor
                0x0000000008005da4      0x328 Middlewares/ST/STM32_USB_Device_Library/Core/Src/usbd_ctlreq.o
 .text.USBD_SetAddress
                0x00000000080060cc       0x88 Middlewares/ST/STM32_USB_Device_Library/Core/Src/usbd_ctlreq.o
 .text.USBD_SetConfig
                0x0000000008006154      0x14c Middlewares/ST/STM32_USB_Device_Library/Core/Src/usbd_ctlreq.o
 .text.USBD_GetConfig
                0x00000000080062a0       0x6c Middlewares/ST/STM32_USB_Device_Library/Core/Src/usbd_ctlreq.o
 .text.USBD_GetStatus
                0x000000000800630c       0x68 Middlewares/ST/STM32_USB_Device_Library/Core/Src/usbd_ctlreq.o
 .text.USBD_SetFeature
                0x0000000008006374       0x28 Middlewares/ST/STM32_USB_Device_Library/Core/Src/usbd_ctlreq.o
 .text.USBD_ClrFeature
                0x000000000800639c       0x44 Middlewares/ST/STM32_USB_Device_Library/Core/Src/usbd_ctlreq.o
 .text.USBD_ParseSetupRequest
                0x00000000080063e0       0x74 Middlewares/ST/STM32_USB_Device_Library/Core/Src/usbd_ctlreq.o
                0x00000000080063e0                USBD_ParseSetupRequest
 .text.USBD_CtlError
                0x0000000008006454       0x22 Middlewares/ST/STM32_USB_Device_Library/Core/Src/usbd_ctlreq.o
                0x0000000008006454                USBD_CtlError
 .text.USBD_GetString
                0x0000000008006476       0x8c Middlewares/ST/STM32_USB_Device_Library/Core/Src/usbd_ctlreq.o
                0x0000000008006476                USBD_GetString
 .text.USBD_GetLen
                0x0000000008006502       0x34 Middlewares/ST/STM32_USB_Device_Library/Core/Src/usbd_ctlreq.o
 .text.USBD_CtlSendData
                0x0000000008006536       0x36 Middlewares/ST/STM32_USB_Device_Library/Core/Src/usbd_ioreq.o
                0x0000000008006536                USBD_CtlSendData
 .text.USBD_CtlContinueSendData
                0x000000000800656c       0x22 Middlewares/ST/STM32_USB_Device_Library/Core/Src/usbd_ioreq.o
                0x000000000800656c                USBD_CtlContinueSendData
 .text.USBD_CtlPrepareRx
                0x000000000800658e       0x3a Middlewares/ST/STM32_USB_Device_Library/Core/Src/usbd_ioreq.o
                0x000000000800658e                USBD_CtlPrepareRx
 .text.USBD_CtlContinueRx
                0x00000000080065c8       0x22 Middlewares/ST/STM32_USB_Device_Library/Core/Src/usbd_ioreq.o
                0x00000000080065c8                USBD_CtlContinueRx
 .text.USBD_CtlSendStatus
                0x00000000080065ea       0x26 Middlewares/ST/STM32_USB_Device_Library/Core/Src/usbd_ioreq.o
                0x00000000080065ea                USBD_CtlSendStatus
 .text.USBD_CtlReceiveStatus
                0x0000000008006610       0x26 Middlewares/ST/STM32_USB_Device_Library/Core/Src/usbd_ioreq.o
                0x0000000008006610                USBD_CtlReceiveStatus
 *fill*         0x0000000008006636        0x2 
 .text.MX_USB_DEVICE_Init
                0x0000000008006638       0x60 USB_DEVICE/App/usb_device.o
                0x0000000008006638                MX_USB_DEVICE_Init
 .text.CDC_Init_FS
                0x0000000008006698       0x28 USB_DEVICE/App/usbd_cdc_if.o
 .text.CDC_DeInit_FS
                0x00000000080066c0       0x10 USB_DEVICE/App/usbd_cdc_if.o
 .text.CDC_Control_FS
                0x00000000080066d0       0xbc USB_DEVICE/App/usbd_cdc_if.o
 .text.CDC_Receive_FS
                0x000000000800678c       0x28 USB_DEVICE/App/usbd_cdc_if.o
 .text.CDC_Transmit_FS
                0x00000000080067b4       0x4c USB_DEVICE/App/usbd_cdc_if.o
                0x00000000080067b4                CDC_Transmit_FS
 .text.CDC_TransmitCplt_FS
                0x0000000008006800       0x22 USB_DEVICE/App/usbd_cdc_if.o
 *fill*         0x0000000008006822        0x2 
 .text.USBD_FS_DeviceDescriptor
                0x0000000008006824       0x24 USB_DEVICE/App/usbd_desc.o
                0x0000000008006824                USBD_FS_DeviceDescriptor
 .text.USBD_FS_LangIDStrDescriptor
                0x0000000008006848       0x24 USB_DEVICE/App/usbd_desc.o
                0x0000000008006848                USBD_FS_LangIDStrDescriptor
 .text.USBD_FS_ProductStrDescriptor
                0x000000000800686c       0x3c USB_DEVICE/App/usbd_desc.o
                0x000000000800686c                USBD_FS_ProductStrDescriptor
 .text.USBD_FS_ManufacturerStrDescriptor
                0x00000000080068a8       0x28 USB_DEVICE/App/usbd_desc.o
                0x00000000080068a8                USBD_FS_ManufacturerStrDescriptor
 .text.USBD_FS_SerialStrDescriptor
                0x00000000080068d0       0x24 USB_DEVICE/App/usbd_desc.o
                0x00000000080068d0                USBD_FS_SerialStrDescriptor
 .text.USBD_FS_ConfigStrDescriptor
                0x00000000080068f4       0x3c USB_DEVICE/App/usbd_desc.o
                0x00000000080068f4                USBD_FS_ConfigStrDescriptor
 .text.USBD_FS_InterfaceStrDescriptor
                0x0000000008006930       0x3c USB_DEVICE/App/usbd_desc.o
                0x0000000008006930                USBD_FS_InterfaceStrDescriptor
 .text.USBD_FS_USR_BOSDescriptor
                0x000000000800696c       0x24 USB_DEVICE/App/usbd_desc.o
                0x000000000800696c                USBD_FS_USR_BOSDescriptor
 .text.Get_SerialNum
                0x0000000008006990       0x58 USB_DEVICE/App/usbd_desc.o
 .text.IntToUnicode
                0x00000000080069e8       0x7e USB_DEVICE/App/usbd_desc.o
 *fill*         0x0000000008006a66        0x2 
 .text.HAL_PCD_MspInit
                0x0000000008006a68       0xcc USB_DEVICE/Target/usbd_conf.o
                0x0000000008006a68                HAL_PCD_MspInit
 .text.HAL_PCD_SetupStageCallback
                0x0000000008006b34       0x24 USB_DEVICE/Target/usbd_conf.o
                0x0000000008006b34                HAL_PCD_SetupStageCallback
 .text.HAL_PCD_DataOutStageCallback
                0x0000000008006b58       0x36 USB_DEVICE/Target/usbd_conf.o
                0x0000000008006b58                HAL_PCD_DataOutStageCallback
 .text.HAL_PCD_DataInStageCallback
                0x0000000008006b8e       0x34 USB_DEVICE/Target/usbd_conf.o
                0x0000000008006b8e                HAL_PCD_DataInStageCallback
 .text.HAL_PCD_SOFCallback
                0x0000000008006bc2       0x1c USB_DEVICE/Target/usbd_conf.o
                0x0000000008006bc2                HAL_PCD_SOFCallback
 .text.HAL_PCD_ResetCallback
                0x0000000008006bde       0x3c USB_DEVICE/Target/usbd_conf.o
                0x0000000008006bde                HAL_PCD_ResetCallback
 *fill*         0x0000000008006c1a        0x2 
 .text.HAL_PCD_SuspendCallback
                0x0000000008006c1c       0x4c USB_DEVICE/Target/usbd_conf.o
                0x0000000008006c1c                HAL_PCD_SuspendCallback
 .text.HAL_PCD_ResumeCallback
                0x0000000008006c68       0x50 USB_DEVICE/Target/usbd_conf.o
                0x0000000008006c68                HAL_PCD_ResumeCallback
 .text.HAL_PCD_ISOOUTIncompleteCallback
                0x0000000008006cb8       0x24 USB_DEVICE/Target/usbd_conf.o
                0x0000000008006cb8                HAL_PCD_ISOOUTIncompleteCallback
 .text.HAL_PCD_ISOINIncompleteCallback
                0x0000000008006cdc       0x24 USB_DEVICE/Target/usbd_conf.o
                0x0000000008006cdc                HAL_PCD_ISOINIncompleteCallback
 .text.HAL_PCD_ConnectCallback
                0x0000000008006d00       0x1c USB_DEVICE/Target/usbd_conf.o
                0x0000000008006d00                HAL_PCD_ConnectCallback
 .text.HAL_PCD_DisconnectCallback
                0x0000000008006d1c       0x1c USB_DEVICE/Target/usbd_conf.o
                0x0000000008006d1c                HAL_PCD_DisconnectCallback
 .text.USBD_LL_Init
                0x0000000008006d38       0x98 USB_DEVICE/Target/usbd_conf.o
                0x0000000008006d38                USBD_LL_Init
 .text.USBD_LL_Start
                0x0000000008006dd0       0x64 USB_DEVICE/Target/usbd_conf.o
                0x0000000008006dd0                USBD_LL_Start
 .text.USBD_LL_OpenEP
                0x0000000008006e34       0x7c USB_DEVICE/Target/usbd_conf.o
                0x0000000008006e34                USBD_LL_OpenEP
 .text.USBD_LL_CloseEP
                0x0000000008006eb0       0x6c USB_DEVICE/Target/usbd_conf.o
                0x0000000008006eb0                USBD_LL_CloseEP
 .text.USBD_LL_StallEP
                0x0000000008006f1c       0x6c USB_DEVICE/Target/usbd_conf.o
                0x0000000008006f1c                USBD_LL_StallEP
 .text.USBD_LL_ClearStallEP
                0x0000000008006f88       0x6c USB_DEVICE/Target/usbd_conf.o
                0x0000000008006f88                USBD_LL_ClearStallEP
 .text.USBD_LL_IsStallEP
                0x0000000008006ff4       0x58 USB_DEVICE/Target/usbd_conf.o
                0x0000000008006ff4                USBD_LL_IsStallEP
 .text.USBD_LL_SetUSBAddress
                0x000000000800704c       0x6c USB_DEVICE/Target/usbd_conf.o
                0x000000000800704c                USBD_LL_SetUSBAddress
 .text.USBD_LL_Transmit
                0x00000000080070b8       0x70 USB_DEVICE/Target/usbd_conf.o
                0x00000000080070b8                USBD_LL_Transmit
 .text.USBD_LL_PrepareReceive
                0x0000000008007128       0x70 USB_DEVICE/Target/usbd_conf.o
                0x0000000008007128                USBD_LL_PrepareReceive
 .text.USBD_LL_GetRxDataSize
                0x0000000008007198       0x26 USB_DEVICE/Target/usbd_conf.o
                0x0000000008007198                USBD_LL_GetRxDataSize
 *fill*         0x00000000080071be        0x2 
 .text.HAL_PCDEx_LPM_Callback
                0x00000000080071c0       0x9c USB_DEVICE/Target/usbd_conf.o
                0x00000000080071c0                HAL_PCDEx_LPM_Callback
 .text.USBD_static_malloc
                0x000000000800725c       0x1c USB_DEVICE/Target/usbd_conf.o
                0x000000000800725c                USBD_static_malloc
 .text.USBD_static_free
                0x0000000008007278       0x14 USB_DEVICE/Target/usbd_conf.o
                0x0000000008007278                USBD_static_free
 .text.SystemClockConfig_Resume
                0x000000000800728c        0xc USB_DEVICE/Target/usbd_conf.o
 .text.__libc_init_array
                0x0000000008007298       0x48 /opt/st/stm32cubeide_1.6.1/plugins/com.st.stm32cube.ide.mcu.externaltools.gnu-tools-for-stm32.9-2020-q2-update.linux64_1.5.0.202011040924/tools/bin/../lib/gcc/arm-none-eabi/9.3.1/../../../../arm-none-eabi/lib/thumb/v7e-m+fp/hard/libc_nano.a(lib_a-init.o)
                0x0000000008007298                __libc_init_array
 .text.memset   0x00000000080072e0       0x10 /opt/st/stm32cubeide_1.6.1/plugins/com.st.stm32cube.ide.mcu.externaltools.gnu-tools-for-stm32.9-2020-q2-update.linux64_1.5.0.202011040924/tools/bin/../lib/gcc/arm-none-eabi/9.3.1/../../../../arm-none-eabi/lib/thumb/v7e-m+fp/hard/libc_nano.a(lib_a-memset.o)
                0x00000000080072e0                memset
 *(.glue_7)
 .glue_7        0x00000000080072f0        0x0 linker stubs
 *(.glue_7t)
 .glue_7t       0x00000000080072f0        0x0 linker stubs
 *(.eh_frame)
 .eh_frame      0x00000000080072f0        0x0 /opt/st/stm32cubeide_1.6.1/plugins/com.st.stm32cube.ide.mcu.externaltools.gnu-tools-for-stm32.9-2020-q2-update.linux64_1.5.0.202011040924/tools/bin/../lib/gcc/arm-none-eabi/9.3.1/thumb/v7e-m+fp/hard/crtbegin.o
 *(.init)
 .init          0x00000000080072f0        0x4 /opt/st/stm32cubeide_1.6.1/plugins/com.st.stm32cube.ide.mcu.externaltools.gnu-tools-for-stm32.9-2020-q2-update.linux64_1.5.0.202011040924/tools/bin/../lib/gcc/arm-none-eabi/9.3.1/thumb/v7e-m+fp/hard/crti.o
                0x00000000080072f0                _init
 .init          0x00000000080072f4        0x8 /opt/st/stm32cubeide_1.6.1/plugins/com.st.stm32cube.ide.mcu.externaltools.gnu-tools-for-stm32.9-2020-q2-update.linux64_1.5.0.202011040924/tools/bin/../lib/gcc/arm-none-eabi/9.3.1/thumb/v7e-m+fp/hard/crtn.o
 *(.fini)
 .fini          0x00000000080072fc        0x4 /opt/st/stm32cubeide_1.6.1/plugins/com.st.stm32cube.ide.mcu.externaltools.gnu-tools-for-stm32.9-2020-q2-update.linux64_1.5.0.202011040924/tools/bin/../lib/gcc/arm-none-eabi/9.3.1/thumb/v7e-m+fp/hard/crti.o
                0x00000000080072fc                _fini
 .fini          0x0000000008007300        0x8 /opt/st/stm32cubeide_1.6.1/plugins/com.st.stm32cube.ide.mcu.externaltools.gnu-tools-for-stm32.9-2020-q2-update.linux64_1.5.0.202011040924/tools/bin/../lib/gcc/arm-none-eabi/9.3.1/thumb/v7e-m+fp/hard/crtn.o
                0x0000000008007308                . = ALIGN (0x4)
                0x0000000008007308                _etext = .

.vfp11_veneer   0x0000000008007308        0x0
 .vfp11_veneer  0x0000000008007308        0x0 linker stubs

.v4_bx          0x0000000008007308        0x0
 .v4_bx         0x0000000008007308        0x0 linker stubs

.iplt           0x0000000008007308        0x0
 .iplt          0x0000000008007308        0x0 /opt/st/stm32cubeide_1.6.1/plugins/com.st.stm32cube.ide.mcu.externaltools.gnu-tools-for-stm32.9-2020-q2-update.linux64_1.5.0.202011040924/tools/bin/../lib/gcc/arm-none-eabi/9.3.1/thumb/v7e-m+fp/hard/crtbegin.o

.rodata         0x0000000008007308       0x88
                0x0000000008007308                . = ALIGN (0x4)
 *(.rodata)
 .rodata        0x0000000008007308       0x46 USB_DEVICE/App/usbd_desc.o
 *(.rodata*)
 *fill*         0x000000000800734e        0x2 
 .rodata.AHBPrescTable
                0x0000000008007350       0x10 Core/Src/system_stm32l4xx.o
                0x0000000008007350                AHBPrescTable
 .rodata.MSIRangeTable
                0x0000000008007360       0x30 Core/Src/system_stm32l4xx.o
                0x0000000008007360                MSIRangeTable
                0x0000000008007390                . = ALIGN (0x4)

.rel.dyn        0x0000000008007390        0x0
 .rel.iplt      0x0000000008007390        0x0 /opt/st/stm32cubeide_1.6.1/plugins/com.st.stm32cube.ide.mcu.externaltools.gnu-tools-for-stm32.9-2020-q2-update.linux64_1.5.0.202011040924/tools/bin/../lib/gcc/arm-none-eabi/9.3.1/thumb/v7e-m+fp/hard/crtbegin.o

.ARM.extab      0x0000000008007390        0x0
                0x0000000008007390                . = ALIGN (0x4)
 *(.ARM.extab* .gnu.linkonce.armextab.*)
                0x0000000008007390                . = ALIGN (0x4)

.ARM            0x0000000008007390        0x0
                0x0000000008007390                . = ALIGN (0x4)
                0x0000000008007390                __exidx_start = .
 *(.ARM.exidx*)
                0x0000000008007390                __exidx_end = .
                0x0000000008007390                . = ALIGN (0x4)

.preinit_array  0x0000000008007390        0x0
                0x0000000008007390                . = ALIGN (0x4)
                0x0000000008007390                PROVIDE (__preinit_array_start = .)
 *(.preinit_array*)
                0x0000000008007390                PROVIDE (__preinit_array_end = .)
                0x0000000008007390                . = ALIGN (0x4)

.init_array     0x0000000008007390        0x4
                0x0000000008007390                . = ALIGN (0x4)
                0x0000000008007390                PROVIDE (__init_array_start = .)
 *(SORT_BY_NAME(.init_array.*))
 *(.init_array*)
 .init_array    0x0000000008007390        0x4 /opt/st/stm32cubeide_1.6.1/plugins/com.st.stm32cube.ide.mcu.externaltools.gnu-tools-for-stm32.9-2020-q2-update.linux64_1.5.0.202011040924/tools/bin/../lib/gcc/arm-none-eabi/9.3.1/thumb/v7e-m+fp/hard/crtbegin.o
                0x0000000008007394                PROVIDE (__init_array_end = .)
                0x0000000008007394                . = ALIGN (0x4)

.fini_array     0x0000000008007394        0x4
                0x0000000008007394                . = ALIGN (0x4)
                [!provide]                        PROVIDE (__fini_array_start = .)
 *(SORT_BY_NAME(.fini_array.*))
 *(.fini_array*)
 .fini_array    0x0000000008007394        0x4 /opt/st/stm32cubeide_1.6.1/plugins/com.st.stm32cube.ide.mcu.externaltools.gnu-tools-for-stm32.9-2020-q2-update.linux64_1.5.0.202011040924/tools/bin/../lib/gcc/arm-none-eabi/9.3.1/thumb/v7e-m+fp/hard/crtbegin.o
                [!provide]                        PROVIDE (__fini_array_end = .)
                0x0000000008007398                . = ALIGN (0x4)
                0x0000000008007398                _sidata = LOADADDR (.data)

.data           0x0000000020000000      0x190 load address 0x0000000008007398
                0x0000000020000000                . = ALIGN (0x4)
                0x0000000020000000                _sdata = .
 *(.data)
 *(.data*)
 .data.SystemCoreClock
                0x0000000020000000        0x4 Core/Src/system_stm32l4xx.o
                0x0000000020000000                SystemCoreClock
 .data.uwTickPrio
                0x0000000020000004        0x4 Drivers/STM32L4xx_HAL_Driver/Src/stm32l4xx_hal.o
                0x0000000020000004                uwTickPrio
 .data.uwTickFreq
                0x0000000020000008        0x1 Drivers/STM32L4xx_HAL_Driver/Src/stm32l4xx_hal.o
                0x0000000020000008                uwTickFreq
 *fill*         0x0000000020000009        0x3 
 .data.USBD_CDC_DeviceQualifierDesc
                0x000000002000000c        0xa Middlewares/ST/STM32_USB_Device_Library/Class/CDC/Src/usbd_cdc.o
 *fill*         0x0000000020000016        0x2 
 .data.USBD_CDC
                0x0000000020000018       0x38 Middlewares/ST/STM32_USB_Device_Library/Class/CDC/Src/usbd_cdc.o
                0x0000000020000018                USBD_CDC
 .data.USBD_CDC_CfgHSDesc
                0x0000000020000050       0x43 Middlewares/ST/STM32_USB_Device_Library/Class/CDC/Src/usbd_cdc.o
 *fill*         0x0000000020000093        0x1 
 .data.USBD_CDC_CfgFSDesc
                0x0000000020000094       0x43 Middlewares/ST/STM32_USB_Device_Library/Class/CDC/Src/usbd_cdc.o
 *fill*         0x00000000200000d7        0x1 
 .data.USBD_CDC_OtherSpeedCfgDesc
                0x00000000200000d8       0x43 Middlewares/ST/STM32_USB_Device_Library/Class/CDC/Src/usbd_cdc.o
 *fill*         0x000000002000011b        0x1 
 .data.USBD_Interface_fops_FS
                0x000000002000011c       0x14 USB_DEVICE/App/usbd_cdc_if.o
                0x000000002000011c                USBD_Interface_fops_FS
 .data.FS_Desc  0x0000000020000130       0x20 USB_DEVICE/App/usbd_desc.o
                0x0000000020000130                FS_Desc
 .data.USBD_FS_DeviceDesc
                0x0000000020000150       0x12 USB_DEVICE/App/usbd_desc.o
                0x0000000020000150                USBD_FS_DeviceDesc
 *fill*         0x0000000020000162        0x2 
 .data.USBD_FS_BOSDesc
                0x0000000020000164        0xc USB_DEVICE/App/usbd_desc.o
                0x0000000020000164                USBD_FS_BOSDesc
 .data.USBD_LangIDDesc
                0x0000000020000170        0x4 USB_DEVICE/App/usbd_desc.o
                0x0000000020000170                USBD_LangIDDesc
 .data.USBD_StringSerial
                0x0000000020000174       0x1a USB_DEVICE/App/usbd_desc.o
                0x0000000020000174                USBD_StringSerial
 *(.RamFunc)
 *(.RamFunc*)
                0x0000000020000190                . = ALIGN (0x4)
 *fill*         0x000000002000018e        0x2 
                0x0000000020000190                _edata = .

.igot.plt       0x0000000020000190        0x0 load address 0x0000000008007528
 .igot.plt      0x0000000020000190        0x0 /opt/st/stm32cubeide_1.6.1/plugins/com.st.stm32cube.ide.mcu.externaltools.gnu-tools-for-stm32.9-2020-q2-update.linux64_1.5.0.202011040924/tools/bin/../lib/gcc/arm-none-eabi/9.3.1/thumb/v7e-m+fp/hard/crtbegin.o
                0x0000000020000190                . = ALIGN (0x4)

.bss            0x0000000020000190     0x1cac load address 0x0000000008007528
                0x0000000020000190                _sbss = .
                0x0000000020000190                __bss_start__ = _sbss
 *(.bss)
 .bss           0x0000000020000190       0x1c /opt/st/stm32cubeide_1.6.1/plugins/com.st.stm32cube.ide.mcu.externaltools.gnu-tools-for-stm32.9-2020-q2-update.linux64_1.5.0.202011040924/tools/bin/../lib/gcc/arm-none-eabi/9.3.1/thumb/v7e-m+fp/hard/crtbegin.o
 *(.bss*)
 .bss.cfgidx.10743
                0x00000000200001ac        0x1 Middlewares/ST/STM32_USB_Device_Library/Core/Src/usbd_ctlreq.o
 *fill*         0x00000000200001ad        0x3 
 .bss.mem.10891
                0x00000000200001b0      0x220 USB_DEVICE/Target/usbd_conf.o
 *(COMMON)
 COMMON         0x00000000200003d0       0x8b Core/Src/main.o
                0x00000000200003d0                note_a4_on
                0x00000000200003d4                huart2
                0x0000000020000458                note_a4_off
 *fill*         0x000000002000045b        0x1 
 COMMON         0x000000002000045c        0x4 Drivers/STM32L4xx_HAL_Driver/Src/stm32l4xx_hal.o
                0x000000002000045c                uwTick
 COMMON         0x0000000020000460      0x2d0 USB_DEVICE/App/usb_device.o
                0x0000000020000460                hUsbDeviceFS
 COMMON         0x0000000020000730     0x1000 USB_DEVICE/App/usbd_cdc_if.o
                0x0000000020000730                UserRxBufferFS
                0x0000000020000f30                UserTxBufferFS
 COMMON         0x0000000020001730      0x200 USB_DEVICE/App/usbd_desc.o
                0x0000000020001730                USBD_StrDesc
 COMMON         0x0000000020001930      0x50c USB_DEVICE/Target/usbd_conf.o
                0x0000000020001930                hpcd_USB_OTG_FS
                0x0000000020001e3c                . = ALIGN (0x4)
                0x0000000020001e3c                _ebss = .
                0x0000000020001e3c                __bss_end__ = _ebss

._user_heap_stack
                0x0000000020001e3c      0x604 load address 0x0000000008007528
                0x0000000020001e40                . = ALIGN (0x8)
 *fill*         0x0000000020001e3c        0x4 
                [!provide]                        PROVIDE (end = .)
                0x0000000020001e40                PROVIDE (_end = .)
                0x0000000020002040                . = (. + _Min_Heap_Size)
 *fill*         0x0000000020001e40      0x200 
                0x0000000020002440                . = (. + _Min_Stack_Size)
 *fill*         0x0000000020002040      0x400 
                0x0000000020002440                . = ALIGN (0x8)

/DISCARD/
 libc.a(*)
 libm.a(*)
 libgcc.a(*)

.ARM.attributes
                0x0000000000000000       0x30
 *(.ARM.attributes)
 .ARM.attributes
                0x0000000000000000       0x1e /opt/st/stm32cubeide_1.6.1/plugins/com.st.stm32cube.ide.mcu.externaltools.gnu-tools-for-stm32.9-2020-q2-update.linux64_1.5.0.202011040924/tools/bin/../lib/gcc/arm-none-eabi/9.3.1/thumb/v7e-m+fp/hard/crti.o
 .ARM.attributes
                0x000000000000001e       0x34 /opt/st/stm32cubeide_1.6.1/plugins/com.st.stm32cube.ide.mcu.externaltools.gnu-tools-for-stm32.9-2020-q2-update.linux64_1.5.0.202011040924/tools/bin/../lib/gcc/arm-none-eabi/9.3.1/thumb/v7e-m+fp/hard/crtbegin.o
 .ARM.attributes
                0x0000000000000052       0x34 Core/Src/main.o
 .ARM.attributes
                0x0000000000000086       0x34 Core/Src/stm32l4xx_hal_msp.o
 .ARM.attributes
                0x00000000000000ba       0x34 Core/Src/stm32l4xx_it.o
 .ARM.attributes
                0x00000000000000ee       0x34 Core/Src/system_stm32l4xx.o
 .ARM.attributes
                0x0000000000000122       0x21 Core/Startup/startup_stm32l476rgtx.o
 .ARM.attributes
                0x0000000000000143       0x34 Drivers/STM32L4xx_HAL_Driver/Src/stm32l4xx_hal.o
 .ARM.attributes
                0x0000000000000177       0x34 Drivers/STM32L4xx_HAL_Driver/Src/stm32l4xx_hal_cortex.o
 .ARM.attributes
                0x00000000000001ab       0x34 Drivers/STM32L4xx_HAL_Driver/Src/stm32l4xx_hal_gpio.o
 .ARM.attributes
                0x00000000000001df       0x34 Drivers/STM32L4xx_HAL_Driver/Src/stm32l4xx_hal_pcd.o
 .ARM.attributes
                0x0000000000000213       0x34 Drivers/STM32L4xx_HAL_Driver/Src/stm32l4xx_hal_pcd_ex.o
 .ARM.attributes
                0x0000000000000247       0x34 Drivers/STM32L4xx_HAL_Driver/Src/stm32l4xx_hal_pwr.o
 .ARM.attributes
                0x000000000000027b       0x34 Drivers/STM32L4xx_HAL_Driver/Src/stm32l4xx_hal_pwr_ex.o
 .ARM.attributes
                0x00000000000002af       0x34 Drivers/STM32L4xx_HAL_Driver/Src/stm32l4xx_hal_rcc.o
 .ARM.attributes
                0x00000000000002e3       0x34 Drivers/STM32L4xx_HAL_Driver/Src/stm32l4xx_hal_rcc_ex.o
 .ARM.attributes
                0x0000000000000317       0x34 Drivers/STM32L4xx_HAL_Driver/Src/stm32l4xx_ll_usb.o
 .ARM.attributes
                0x000000000000034b       0x34 Middlewares/ST/STM32_USB_Device_Library/Class/CDC/Src/usbd_cdc.o
 .ARM.attributes
                0x000000000000037f       0x34 Middlewares/ST/STM32_USB_Device_Library/Core/Src/usbd_core.o
 .ARM.attributes
                0x00000000000003b3       0x34 Middlewares/ST/STM32_USB_Device_Library/Core/Src/usbd_ctlreq.o
 .ARM.attributes
                0x00000000000003e7       0x34 Middlewares/ST/STM32_USB_Device_Library/Core/Src/usbd_ioreq.o
 .ARM.attributes
                0x000000000000041b       0x34 USB_DEVICE/App/usb_device.o
 .ARM.attributes
                0x000000000000044f       0x34 USB_DEVICE/App/usbd_cdc_if.o
 .ARM.attributes
                0x0000000000000483       0x34 USB_DEVICE/App/usbd_desc.o
 .ARM.attributes
                0x00000000000004b7       0x34 USB_DEVICE/Target/usbd_conf.o
 .ARM.attributes
                0x00000000000004eb       0x34 /opt/st/stm32cubeide_1.6.1/plugins/com.st.stm32cube.ide.mcu.externaltools.gnu-tools-for-stm32.9-2020-q2-update.linux64_1.5.0.202011040924/tools/bin/../lib/gcc/arm-none-eabi/9.3.1/../../../../arm-none-eabi/lib/thumb/v7e-m+fp/hard/libc_nano.a(lib_a-init.o)
 .ARM.attributes
                0x000000000000051f       0x34 /opt/st/stm32cubeide_1.6.1/plugins/com.st.stm32cube.ide.mcu.externaltools.gnu-tools-for-stm32.9-2020-q2-update.linux64_1.5.0.202011040924/tools/bin/../lib/gcc/arm-none-eabi/9.3.1/../../../../arm-none-eabi/lib/thumb/v7e-m+fp/hard/libc_nano.a(lib_a-memset.o)
 .ARM.attributes
                0x0000000000000553       0x1e /opt/st/stm32cubeide_1.6.1/plugins/com.st.stm32cube.ide.mcu.externaltools.gnu-tools-for-stm32.9-2020-q2-update.linux64_1.5.0.202011040924/tools/bin/../lib/gcc/arm-none-eabi/9.3.1/thumb/v7e-m+fp/hard/crtn.o
OUTPUT(hello_usb_device.elf elf32-littlearm)
LOAD linker stubs
LOAD /opt/st/stm32cubeide_1.6.1/plugins/com.st.stm32cube.ide.mcu.externaltools.gnu-tools-for-stm32.9-2020-q2-update.linux64_1.5.0.202011040924/tools/bin/../lib/gcc/arm-none-eabi/9.3.1/../../../../arm-none-eabi/lib/thumb/v7e-m+fp/hard/libc.a
LOAD /opt/st/stm32cubeide_1.6.1/plugins/com.st.stm32cube.ide.mcu.externaltools.gnu-tools-for-stm32.9-2020-q2-update.linux64_1.5.0.202011040924/tools/bin/../lib/gcc/arm-none-eabi/9.3.1/../../../../arm-none-eabi/lib/thumb/v7e-m+fp/hard/libm.a
LOAD /opt/st/stm32cubeide_1.6.1/plugins/com.st.stm32cube.ide.mcu.externaltools.gnu-tools-for-stm32.9-2020-q2-update.linux64_1.5.0.202011040924/tools/bin/../lib/gcc/arm-none-eabi/9.3.1/thumb/v7e-m+fp/hard/libgcc.a

.debug_info     0x0000000000000000    0x1874f
 .debug_info    0x0000000000000000     0x1f0f Core/Src/main.o
 .debug_info    0x0000000000001f0f      0xc91 Core/Src/stm32l4xx_hal_msp.o
 .debug_info    0x0000000000002ba0      0x8ab Core/Src/stm32l4xx_it.o
 .debug_info    0x000000000000344b      0x772 Core/Src/system_stm32l4xx.o
 .debug_info    0x0000000000003bbd       0x22 Core/Startup/startup_stm32l476rgtx.o
 .debug_info    0x0000000000003bdf      0xddb Drivers/STM32L4xx_HAL_Driver/Src/stm32l4xx_hal.o
 .debug_info    0x00000000000049ba     0x102e Drivers/STM32L4xx_HAL_Driver/Src/stm32l4xx_hal_cortex.o
 .debug_info    0x00000000000059e8      0xa5e Drivers/STM32L4xx_HAL_Driver/Src/stm32l4xx_hal_gpio.o
 .debug_info    0x0000000000006446     0x1467 Drivers/STM32L4xx_HAL_Driver/Src/stm32l4xx_hal_pcd.o
 .debug_info    0x00000000000078ad      0xac4 Drivers/STM32L4xx_HAL_Driver/Src/stm32l4xx_hal_pcd_ex.o
 .debug_info    0x0000000000008371      0xb39 Drivers/STM32L4xx_HAL_Driver/Src/stm32l4xx_hal_pwr.o
 .debug_info    0x0000000000008eaa      0xc00 Drivers/STM32L4xx_HAL_Driver/Src/stm32l4xx_hal_pwr_ex.o
 .debug_info    0x0000000000009aaa      0xe37 Drivers/STM32L4xx_HAL_Driver/Src/stm32l4xx_hal_rcc.o
 .debug_info    0x000000000000a8e1     0x103f Drivers/STM32L4xx_HAL_Driver/Src/stm32l4xx_hal_rcc_ex.o
 .debug_info    0x000000000000b920     0x1cd8 Drivers/STM32L4xx_HAL_Driver/Src/stm32l4xx_ll_usb.o
 .debug_info    0x000000000000d5f8     0x1b69 Middlewares/ST/STM32_USB_Device_Library/Class/CDC/Src/usbd_cdc.o
 .debug_info    0x000000000000f161     0x1506 Middlewares/ST/STM32_USB_Device_Library/Core/Src/usbd_core.o
 .debug_info    0x0000000000010667     0x14d2 Middlewares/ST/STM32_USB_Device_Library/Core/Src/usbd_ctlreq.o
 .debug_info    0x0000000000011b39     0x11f4 Middlewares/ST/STM32_USB_Device_Library/Core/Src/usbd_ioreq.o
 .debug_info    0x0000000000012d2d     0x115d USB_DEVICE/App/usb_device.o
 .debug_info    0x0000000000013e8a     0x138e USB_DEVICE/App/usbd_cdc_if.o
 .debug_info    0x0000000000015218      0xfb8 USB_DEVICE/App/usbd_desc.o
 .debug_info    0x00000000000161d0     0x257f USB_DEVICE/Target/usbd_conf.o

.debug_abbrev   0x0000000000000000     0x346a
 .debug_abbrev  0x0000000000000000      0x2b7 Core/Src/main.o
 .debug_abbrev  0x00000000000002b7      0x1ac Core/Src/stm32l4xx_hal_msp.o
 .debug_abbrev  0x0000000000000463      0x184 Core/Src/stm32l4xx_it.o
 .debug_abbrev  0x00000000000005e7      0x165 Core/Src/system_stm32l4xx.o
 .debug_abbrev  0x000000000000074c       0x12 Core/Startup/startup_stm32l476rgtx.o
 .debug_abbrev  0x000000000000075e      0x227 Drivers/STM32L4xx_HAL_Driver/Src/stm32l4xx_hal.o
 .debug_abbrev  0x0000000000000985      0x33c Drivers/STM32L4xx_HAL_Driver/Src/stm32l4xx_hal_cortex.o
 .debug_abbrev  0x0000000000000cc1      0x1e8 Drivers/STM32L4xx_HAL_Driver/Src/stm32l4xx_hal_gpio.o
 .debug_abbrev  0x0000000000000ea9      0x282 Drivers/STM32L4xx_HAL_Driver/Src/stm32l4xx_hal_pcd.o
 .debug_abbrev  0x000000000000112b      0x246 Drivers/STM32L4xx_HAL_Driver/Src/stm32l4xx_hal_pcd_ex.o
 .debug_abbrev  0x0000000000001371      0x1ab Drivers/STM32L4xx_HAL_Driver/Src/stm32l4xx_hal_pwr.o
 .debug_abbrev  0x000000000000151c      0x1f3 Drivers/STM32L4xx_HAL_Driver/Src/stm32l4xx_hal_pwr_ex.o
 .debug_abbrev  0x000000000000170f      0x275 Drivers/STM32L4xx_HAL_Driver/Src/stm32l4xx_hal_rcc.o
 .debug_abbrev  0x0000000000001984      0x268 Drivers/STM32L4xx_HAL_Driver/Src/stm32l4xx_hal_rcc_ex.o
 .debug_abbrev  0x0000000000001bec      0x2a7 Drivers/STM32L4xx_HAL_Driver/Src/stm32l4xx_ll_usb.o
 .debug_abbrev  0x0000000000001e93      0x2fc Middlewares/ST/STM32_USB_Device_Library/Class/CDC/Src/usbd_cdc.o
 .debug_abbrev  0x000000000000218f      0x2b7 Middlewares/ST/STM32_USB_Device_Library/Core/Src/usbd_core.o
 .debug_abbrev  0x0000000000002446      0x2fc Middlewares/ST/STM32_USB_Device_Library/Core/Src/usbd_ctlreq.o
 .debug_abbrev  0x0000000000002742      0x22a Middlewares/ST/STM32_USB_Device_Library/Core/Src/usbd_ioreq.o
 .debug_abbrev  0x000000000000296c      0x204 USB_DEVICE/App/usb_device.o
 .debug_abbrev  0x0000000000002b70      0x30c USB_DEVICE/App/usbd_cdc_if.o
 .debug_abbrev  0x0000000000002e7c      0x2aa USB_DEVICE/App/usbd_desc.o
 .debug_abbrev  0x0000000000003126      0x344 USB_DEVICE/Target/usbd_conf.o

.debug_aranges  0x0000000000000000      0xe58
 .debug_aranges
                0x0000000000000000       0x40 Core/Src/main.o
 .debug_aranges
                0x0000000000000040       0x30 Core/Src/stm32l4xx_hal_msp.o
 .debug_aranges
                0x0000000000000070       0x68 Core/Src/stm32l4xx_it.o
 .debug_aranges
                0x00000000000000d8       0x28 Core/Src/system_stm32l4xx.o
 .debug_aranges
                0x0000000000000100       0x28 Core/Startup/startup_stm32l476rgtx.o
 .debug_aranges
                0x0000000000000128      0x130 Drivers/STM32L4xx_HAL_Driver/Src/stm32l4xx_hal.o
 .debug_aranges
                0x0000000000000258      0x118 Drivers/STM32L4xx_HAL_Driver/Src/stm32l4xx_hal_cortex.o
 .debug_aranges
                0x0000000000000370       0x58 Drivers/STM32L4xx_HAL_Driver/Src/stm32l4xx_hal_gpio.o
 .debug_aranges
                0x00000000000003c8      0x138 Drivers/STM32L4xx_HAL_Driver/Src/stm32l4xx_hal_pcd.o
 .debug_aranges
                0x0000000000000500       0x60 Drivers/STM32L4xx_HAL_Driver/Src/stm32l4xx_hal_pcd_ex.o
 .debug_aranges
                0x0000000000000560       0x98 Drivers/STM32L4xx_HAL_Driver/Src/stm32l4xx_hal_pwr.o
 .debug_aranges
                0x00000000000005f8      0x160 Drivers/STM32L4xx_HAL_Driver/Src/stm32l4xx_hal_pwr_ex.o
 .debug_aranges
                0x0000000000000758       0x90 Drivers/STM32L4xx_HAL_Driver/Src/stm32l4xx_hal_rcc.o
 .debug_aranges
                0x00000000000007e8       0xc0 Drivers/STM32L4xx_HAL_Driver/Src/stm32l4xx_hal_rcc_ex.o
 .debug_aranges
                0x00000000000008a8      0x1a0 Drivers/STM32L4xx_HAL_Driver/Src/stm32l4xx_ll_usb.o
 .debug_aranges
                0x0000000000000a48       0x90 Middlewares/ST/STM32_USB_Device_Library/Class/CDC/Src/usbd_cdc.o
 .debug_aranges
                0x0000000000000ad8       0xb8 Middlewares/ST/STM32_USB_Device_Library/Core/Src/usbd_core.o
 .debug_aranges
                0x0000000000000b90       0x90 Middlewares/ST/STM32_USB_Device_Library/Core/Src/usbd_ctlreq.o
 .debug_aranges
                0x0000000000000c20       0x50 Middlewares/ST/STM32_USB_Device_Library/Core/Src/usbd_ioreq.o
 .debug_aranges
                0x0000000000000c70       0x20 USB_DEVICE/App/usb_device.o
 .debug_aranges
                0x0000000000000c90       0x48 USB_DEVICE/App/usbd_cdc_if.o
 .debug_aranges
                0x0000000000000cd8       0x68 USB_DEVICE/App/usbd_desc.o
 .debug_aranges
                0x0000000000000d40      0x118 USB_DEVICE/Target/usbd_conf.o

.debug_ranges   0x0000000000000000      0xcf0
 .debug_ranges  0x0000000000000000       0x30 Core/Src/main.o
 .debug_ranges  0x0000000000000030       0x20 Core/Src/stm32l4xx_hal_msp.o
 .debug_ranges  0x0000000000000050       0x58 Core/Src/stm32l4xx_it.o
 .debug_ranges  0x00000000000000a8       0x18 Core/Src/system_stm32l4xx.o
 .debug_ranges  0x00000000000000c0       0x20 Core/Startup/startup_stm32l476rgtx.o
 .debug_ranges  0x00000000000000e0      0x120 Drivers/STM32L4xx_HAL_Driver/Src/stm32l4xx_hal.o
 .debug_ranges  0x0000000000000200      0x108 Drivers/STM32L4xx_HAL_Driver/Src/stm32l4xx_hal_cortex.o
 .debug_ranges  0x0000000000000308       0x48 Drivers/STM32L4xx_HAL_Driver/Src/stm32l4xx_hal_gpio.o
 .debug_ranges  0x0000000000000350      0x128 Drivers/STM32L4xx_HAL_Driver/Src/stm32l4xx_hal_pcd.o
 .debug_ranges  0x0000000000000478       0x50 Drivers/STM32L4xx_HAL_Driver/Src/stm32l4xx_hal_pcd_ex.o
 .debug_ranges  0x00000000000004c8       0x88 Drivers/STM32L4xx_HAL_Driver/Src/stm32l4xx_hal_pwr.o
 .debug_ranges  0x0000000000000550      0x150 Drivers/STM32L4xx_HAL_Driver/Src/stm32l4xx_hal_pwr_ex.o
 .debug_ranges  0x00000000000006a0       0x80 Drivers/STM32L4xx_HAL_Driver/Src/stm32l4xx_hal_rcc.o
 .debug_ranges  0x0000000000000720       0xb0 Drivers/STM32L4xx_HAL_Driver/Src/stm32l4xx_hal_rcc_ex.o
 .debug_ranges  0x00000000000007d0      0x190 Drivers/STM32L4xx_HAL_Driver/Src/stm32l4xx_ll_usb.o
 .debug_ranges  0x0000000000000960       0x80 Middlewares/ST/STM32_USB_Device_Library/Class/CDC/Src/usbd_cdc.o
 .debug_ranges  0x00000000000009e0       0xa8 Middlewares/ST/STM32_USB_Device_Library/Core/Src/usbd_core.o
 .debug_ranges  0x0000000000000a88       0x80 Middlewares/ST/STM32_USB_Device_Library/Core/Src/usbd_ctlreq.o
 .debug_ranges  0x0000000000000b08       0x40 Middlewares/ST/STM32_USB_Device_Library/Core/Src/usbd_ioreq.o
 .debug_ranges  0x0000000000000b48       0x10 USB_DEVICE/App/usb_device.o
 .debug_ranges  0x0000000000000b58       0x38 USB_DEVICE/App/usbd_cdc_if.o
 .debug_ranges  0x0000000000000b90       0x58 USB_DEVICE/App/usbd_desc.o
 .debug_ranges  0x0000000000000be8      0x108 USB_DEVICE/Target/usbd_conf.o

.debug_macro    0x0000000000000000    0x2907e
 .debug_macro   0x0000000000000000      0x42d Core/Src/main.o
 .debug_macro   0x000000000000042d      0xaa8 Core/Src/main.o
 .debug_macro   0x0000000000000ed5      0x1ad Core/Src/main.o
 .debug_macro   0x0000000000001082       0x2e Core/Src/main.o
 .debug_macro   0x00000000000010b0       0x28 Core/Src/main.o
 .debug_macro   0x00000000000010d8       0x22 Core/Src/main.o
 .debug_macro   0x00000000000010fa       0x8e Core/Src/main.o
 .debug_macro   0x0000000000001188       0x51 Core/Src/main.o
 .debug_macro   0x00000000000011d9      0x103 Core/Src/main.o
 .debug_macro   0x00000000000012dc       0x6a Core/Src/main.o
 .debug_macro   0x0000000000001346      0x1df Core/Src/main.o
 .debug_macro   0x0000000000001525       0x1c Core/Src/main.o
 .debug_macro   0x0000000000001541       0x22 Core/Src/main.o
 .debug_macro   0x0000000000001563      0x101 Core/Src/main.o
 .debug_macro   0x0000000000001664     0x1011 Core/Src/main.o
 .debug_macro   0x0000000000002675      0x11f Core/Src/main.o
 .debug_macro   0x0000000000002794    0x1a17a Core/Src/main.o
 .debug_macro   0x000000000001c90e       0x6d Core/Src/main.o
 .debug_macro   0x000000000001c97b     0x38e6 Core/Src/main.o
 .debug_macro   0x0000000000020261      0x174 Core/Src/main.o
 .debug_macro   0x00000000000203d5       0x5c Core/Src/main.o
 .debug_macro   0x0000000000020431     0x159e Core/Src/main.o
 .debug_macro   0x00000000000219cf      0x5a5 Core/Src/main.o
 .debug_macro   0x0000000000021f74      0x1b9 Core/Src/main.o
 .debug_macro   0x000000000002212d      0x18b Core/Src/main.o
 .debug_macro   0x00000000000222b8      0x26b Core/Src/main.o
 .debug_macro   0x0000000000022523      0x23d Core/Src/main.o
 .debug_macro   0x0000000000022760      0x241 Core/Src/main.o
 .debug_macro   0x00000000000229a1      0x37c Core/Src/main.o
 .debug_macro   0x0000000000022d1d       0xd6 Core/Src/main.o
 .debug_macro   0x0000000000022df3      0x22c Core/Src/main.o
 .debug_macro   0x000000000002301f       0x61 Core/Src/main.o
 .debug_macro   0x0000000000023080       0xa5 Core/Src/main.o
 .debug_macro   0x0000000000023125      0x1f4 Core/Src/main.o
 .debug_macro   0x0000000000023319       0x97 Core/Src/main.o
 .debug_macro   0x00000000000233b0      0x122 Core/Src/main.o
 .debug_macro   0x00000000000234d2      0x3ef Core/Src/main.o
 .debug_macro   0x00000000000238c1      0x5ba Core/Src/main.o
 .debug_macro   0x0000000000023e7b       0x44 Core/Src/main.o
 .debug_macro   0x0000000000023ebf      0x330 Core/Src/main.o
 .debug_macro   0x00000000000241ef       0x58 Core/Src/main.o
 .debug_macro   0x0000000000024247       0x52 Core/Src/main.o
 .debug_macro   0x0000000000024299       0x18 Core/Src/main.o
 .debug_macro   0x00000000000242b1       0x3c Core/Src/main.o
 .debug_macro   0x00000000000242ed       0x34 Core/Src/main.o
 .debug_macro   0x0000000000024321       0x16 Core/Src/main.o
 .debug_macro   0x0000000000024337       0x35 Core/Src/main.o
 .debug_macro   0x000000000002436c      0x333 Core/Src/main.o
 .debug_macro   0x000000000002469f       0x10 Core/Src/main.o
 .debug_macro   0x00000000000246af       0x16 Core/Src/main.o
 .debug_macro   0x00000000000246c5       0x43 Core/Src/main.o
 .debug_macro   0x0000000000024708       0x34 Core/Src/main.o
 .debug_macro   0x000000000002473c       0x10 Core/Src/main.o
 .debug_macro   0x000000000002474c       0x58 Core/Src/main.o
 .debug_macro   0x00000000000247a4       0x71 Core/Src/main.o
 .debug_macro   0x0000000000024815       0x1c Core/Src/main.o
 .debug_macro   0x0000000000024831      0x12a Core/Src/main.o
 .debug_macro   0x000000000002495b       0x10 Core/Src/main.o
 .debug_macro   0x000000000002496b       0x1c Core/Src/main.o
 .debug_macro   0x0000000000024987       0x52 Core/Src/main.o
 .debug_macro   0x00000000000249d9       0x22 Core/Src/main.o
 .debug_macro   0x00000000000249fb       0x10 Core/Src/main.o
 .debug_macro   0x0000000000024a0b       0x40 Core/Src/main.o
 .debug_macro   0x0000000000024a4b       0xd5 Core/Src/main.o
 .debug_macro   0x0000000000024b20       0x1c Core/Src/main.o
 .debug_macro   0x0000000000024b3c       0x3d Core/Src/main.o
 .debug_macro   0x0000000000024b79       0x16 Core/Src/main.o
 .debug_macro   0x0000000000024b8f      0x145 Core/Src/main.o
 .debug_macro   0x0000000000024cd4       0x16 Core/Src/main.o
 .debug_macro   0x0000000000024cea       0x16 Core/Src/main.o
 .debug_macro   0x0000000000024d00       0x29 Core/Src/main.o
 .debug_macro   0x0000000000024d29       0x16 Core/Src/main.o
 .debug_macro   0x0000000000024d3f       0x20 Core/Src/main.o
 .debug_macro   0x0000000000024d5f       0x5f Core/Src/main.o
 .debug_macro   0x0000000000024dbe      0x1ef Core/Src/main.o
 .debug_macro   0x0000000000024fad       0x95 Core/Src/main.o
 .debug_macro   0x0000000000025042       0x10 Core/Src/main.o
 .debug_macro   0x0000000000025052      0x1f8 Core/Src/stm32l4xx_hal_msp.o
 .debug_macro   0x000000000002524a      0x202 Core/Src/stm32l4xx_it.o
 .debug_macro   0x000000000002544c      0x1e9 Core/Src/system_stm32l4xx.o
 .debug_macro   0x0000000000025635      0x237 Drivers/STM32L4xx_HAL_Driver/Src/stm32l4xx_hal.o
 .debug_macro   0x000000000002586c      0x1e9 Drivers/STM32L4xx_HAL_Driver/Src/stm32l4xx_hal_cortex.o
 .debug_macro   0x0000000000025a55      0x1f0 Drivers/STM32L4xx_HAL_Driver/Src/stm32l4xx_hal_gpio.o
 .debug_macro   0x0000000000025c45      0x1f5 Drivers/STM32L4xx_HAL_Driver/Src/stm32l4xx_hal_pcd.o
 .debug_macro   0x0000000000025e3a      0x1e9 Drivers/STM32L4xx_HAL_Driver/Src/stm32l4xx_hal_pcd_ex.o
 .debug_macro   0x0000000000026023      0x201 Drivers/STM32L4xx_HAL_Driver/Src/stm32l4xx_hal_pwr.o
 .debug_macro   0x0000000000026224      0x20d Drivers/STM32L4xx_HAL_Driver/Src/stm32l4xx_hal_pwr_ex.o
 .debug_macro   0x0000000000026431      0x22b Drivers/STM32L4xx_HAL_Driver/Src/stm32l4xx_hal_rcc.o
 .debug_macro   0x000000000002665c      0x21f Drivers/STM32L4xx_HAL_Driver/Src/stm32l4xx_hal_rcc_ex.o
 .debug_macro   0x000000000002687b      0x1e9 Drivers/STM32L4xx_HAL_Driver/Src/stm32l4xx_ll_usb.o
 .debug_macro   0x0000000000026a64      0x40e Middlewares/ST/STM32_USB_Device_Library/Class/CDC/Src/usbd_cdc.o
 .debug_macro   0x0000000000026e72       0x97 Middlewares/ST/STM32_USB_Device_Library/Class/CDC/Src/usbd_cdc.o
 .debug_macro   0x0000000000026f09       0xfd Middlewares/ST/STM32_USB_Device_Library/Class/CDC/Src/usbd_cdc.o
 .debug_macro   0x0000000000027006       0xfb Middlewares/ST/STM32_USB_Device_Library/Class/CDC/Src/usbd_cdc.o
 .debug_macro   0x0000000000027101       0x56 Middlewares/ST/STM32_USB_Device_Library/Class/CDC/Src/usbd_cdc.o
 .debug_macro   0x0000000000027157      0x3f5 Middlewares/ST/STM32_USB_Device_Library/Core/Src/usbd_core.o
 .debug_macro   0x000000000002754c      0x1f5 Middlewares/ST/STM32_USB_Device_Library/Core/Src/usbd_core.o
 .debug_macro   0x0000000000027741      0x3ff Middlewares/ST/STM32_USB_Device_Library/Core/Src/usbd_ctlreq.o
 .debug_macro   0x0000000000027b40      0x3fb Middlewares/ST/STM32_USB_Device_Library/Core/Src/usbd_ioreq.o
 .debug_macro   0x0000000000027f3b      0x42e USB_DEVICE/App/usb_device.o
 .debug_macro   0x0000000000028369       0x5e USB_DEVICE/App/usb_device.o
 .debug_macro   0x00000000000283c7       0x22 USB_DEVICE/App/usb_device.o
 .debug_macro   0x00000000000283e9       0x16 USB_DEVICE/App/usb_device.o
 .debug_macro   0x00000000000283ff      0x419 USB_DEVICE/App/usbd_cdc_if.o
 .debug_macro   0x0000000000028818      0x438 USB_DEVICE/App/usbd_desc.o
 .debug_macro   0x0000000000028c50       0x1c USB_DEVICE/App/usbd_desc.o
 .debug_macro   0x0000000000028c6c      0x412 USB_DEVICE/Target/usbd_conf.o

.debug_line     0x0000000000000000    0x11a6a
 .debug_line    0x0000000000000000      0xb6e Core/Src/main.o
 .debug_line    0x0000000000000b6e      0x738 Core/Src/stm32l4xx_hal_msp.o
 .debug_line    0x00000000000012a6      0x7c5 Core/Src/stm32l4xx_it.o
 .debug_line    0x0000000000001a6b      0x780 Core/Src/system_stm32l4xx.o
 .debug_line    0x00000000000021eb       0x88 Core/Startup/startup_stm32l476rgtx.o
 .debug_line    0x0000000000002273      0xadb Drivers/STM32L4xx_HAL_Driver/Src/stm32l4xx_hal.o
 .debug_line    0x0000000000002d4e      0xc81 Drivers/STM32L4xx_HAL_Driver/Src/stm32l4xx_hal_cortex.o
 .debug_line    0x00000000000039cf      0xb4e Drivers/STM32L4xx_HAL_Driver/Src/stm32l4xx_hal_gpio.o
 .debug_line    0x000000000000451d     0x12fc Drivers/STM32L4xx_HAL_Driver/Src/stm32l4xx_hal_pcd.o
 .debug_line    0x0000000000005819      0x8ba Drivers/STM32L4xx_HAL_Driver/Src/stm32l4xx_hal_pcd_ex.o
 .debug_line    0x00000000000060d3      0x8b7 Drivers/STM32L4xx_HAL_Driver/Src/stm32l4xx_hal_pwr.o
 .debug_line    0x000000000000698a      0xcc6 Drivers/STM32L4xx_HAL_Driver/Src/stm32l4xx_hal_pwr_ex.o
 .debug_line    0x0000000000007650      0xf53 Drivers/STM32L4xx_HAL_Driver/Src/stm32l4xx_hal_rcc.o
 .debug_line    0x00000000000085a3     0x1493 Drivers/STM32L4xx_HAL_Driver/Src/stm32l4xx_hal_rcc_ex.o
 .debug_line    0x0000000000009a36     0x192c Drivers/STM32L4xx_HAL_Driver/Src/stm32l4xx_ll_usb.o
 .debug_line    0x000000000000b362      0xdaf Middlewares/ST/STM32_USB_Device_Library/Class/CDC/Src/usbd_cdc.o
 .debug_line    0x000000000000c111      0xe32 Middlewares/ST/STM32_USB_Device_Library/Core/Src/usbd_core.o
 .debug_line    0x000000000000cf43     0x10cf Middlewares/ST/STM32_USB_Device_Library/Core/Src/usbd_ctlreq.o
 .debug_line    0x000000000000e012      0xa89 Middlewares/ST/STM32_USB_Device_Library/Core/Src/usbd_ioreq.o
 .debug_line    0x000000000000ea9b      0xa45 USB_DEVICE/App/usb_device.o
 .debug_line    0x000000000000f4e0      0xaa8 USB_DEVICE/App/usbd_cdc_if.o
 .debug_line    0x000000000000ff88      0xb29 USB_DEVICE/App/usbd_desc.o
 .debug_line    0x0000000000010ab1      0xfb9 USB_DEVICE/Target/usbd_conf.o

.debug_str      0x0000000000000000    0xed13a
 .debug_str     0x0000000000000000    0xe945f Core/Src/main.o
                                      0xe9914 (size before relaxing)
 .debug_str     0x00000000000e945f       0x56 Core/Src/stm32l4xx_hal_msp.o
                                      0xe4130 (size before relaxing)
 .debug_str     0x00000000000e94b5      0x45f Core/Src/stm32l4xx_it.o
                                      0xe400e (size before relaxing)
 .debug_str     0x00000000000e9914       0xb8 Core/Src/system_stm32l4xx.o
                                      0xe3c31 (size before relaxing)
 .debug_str     0x00000000000e99cc       0x36 Core/Startup/startup_stm32l476rgtx.o
                                         0x77 (size before relaxing)
 .debug_str     0x00000000000e9a02      0xa5c Drivers/STM32L4xx_HAL_Driver/Src/stm32l4xx_hal.o
                                      0xe479c (size before relaxing)
 .debug_str     0x00000000000ea45e      0x389 Drivers/STM32L4xx_HAL_Driver/Src/stm32l4xx_hal_cortex.o
                                      0xe44a0 (size before relaxing)
 .debug_str     0x00000000000ea7e7      0x166 Drivers/STM32L4xx_HAL_Driver/Src/stm32l4xx_hal_gpio.o
                                      0xe3df6 (size before relaxing)
 .debug_str     0x00000000000ea94d      0x570 Drivers/STM32L4xx_HAL_Driver/Src/stm32l4xx_hal_pcd.o
                                      0xe43eb (size before relaxing)
 .debug_str     0x00000000000eaebd      0x1b4 Drivers/STM32L4xx_HAL_Driver/Src/stm32l4xx_hal_pcd_ex.o
                                      0xe4050 (size before relaxing)
 .debug_str     0x00000000000eb071      0x2f1 Drivers/STM32L4xx_HAL_Driver/Src/stm32l4xx_hal_pwr.o
                                      0xe3f63 (size before relaxing)
 .debug_str     0x00000000000eb362      0x479 Drivers/STM32L4xx_HAL_Driver/Src/stm32l4xx_hal_pwr_ex.o
                                      0xe41a2 (size before relaxing)
 .debug_str     0x00000000000eb7db      0x36b Drivers/STM32L4xx_HAL_Driver/Src/stm32l4xx_hal_rcc.o
                                      0xe422b (size before relaxing)
 .debug_str     0x00000000000ebb46      0x3a6 Drivers/STM32L4xx_HAL_Driver/Src/stm32l4xx_hal_rcc_ex.o
                                      0xe439f (size before relaxing)
 .debug_str     0x00000000000ebeec      0x6a2 Drivers/STM32L4xx_HAL_Driver/Src/stm32l4xx_ll_usb.o
                                      0xe457a (size before relaxing)
 .debug_str     0x00000000000ec58e      0x2a2 Middlewares/ST/STM32_USB_Device_Library/Class/CDC/Src/usbd_cdc.o
                                      0xe9517 (size before relaxing)
 .debug_str     0x00000000000ec830      0x1a2 Middlewares/ST/STM32_USB_Device_Library/Core/Src/usbd_core.o
                                      0xe8d67 (size before relaxing)
 .debug_str     0x00000000000ec9d2      0x152 Middlewares/ST/STM32_USB_Device_Library/Core/Src/usbd_ctlreq.o
                                      0xe8d25 (size before relaxing)
 .debug_str     0x00000000000ecb24       0xc9 Middlewares/ST/STM32_USB_Device_Library/Core/Src/usbd_ioreq.o
                                      0xe8c75 (size before relaxing)
 .debug_str     0x00000000000ecbed       0xc2 USB_DEVICE/App/usb_device.o
                                      0xe9004 (size before relaxing)
 .debug_str     0x00000000000eccaf       0x9a USB_DEVICE/App/usbd_cdc_if.o
                                      0xe9056 (size before relaxing)
 .debug_str     0x00000000000ecd49      0x298 USB_DEVICE/App/usbd_desc.o
                                      0xe8bf1 (size before relaxing)
 .debug_str     0x00000000000ecfe1      0x159 USB_DEVICE/Target/usbd_conf.o
                                      0xe9cd9 (size before relaxing)

.comment        0x0000000000000000       0x53
 .comment       0x0000000000000000       0x53 Core/Src/main.o
                                         0x54 (size before relaxing)
 .comment       0x0000000000000053       0x54 Core/Src/stm32l4xx_hal_msp.o
 .comment       0x0000000000000053       0x54 Core/Src/stm32l4xx_it.o
 .comment       0x0000000000000053       0x54 Core/Src/system_stm32l4xx.o
 .comment       0x0000000000000053       0x54 Drivers/STM32L4xx_HAL_Driver/Src/stm32l4xx_hal.o
 .comment       0x0000000000000053       0x54 Drivers/STM32L4xx_HAL_Driver/Src/stm32l4xx_hal_cortex.o
 .comment       0x0000000000000053       0x54 Drivers/STM32L4xx_HAL_Driver/Src/stm32l4xx_hal_gpio.o
 .comment       0x0000000000000053       0x54 Drivers/STM32L4xx_HAL_Driver/Src/stm32l4xx_hal_pcd.o
 .comment       0x0000000000000053       0x54 Drivers/STM32L4xx_HAL_Driver/Src/stm32l4xx_hal_pcd_ex.o
 .comment       0x0000000000000053       0x54 Drivers/STM32L4xx_HAL_Driver/Src/stm32l4xx_hal_pwr.o
 .comment       0x0000000000000053       0x54 Drivers/STM32L4xx_HAL_Driver/Src/stm32l4xx_hal_pwr_ex.o
 .comment       0x0000000000000053       0x54 Drivers/STM32L4xx_HAL_Driver/Src/stm32l4xx_hal_rcc.o
 .comment       0x0000000000000053       0x54 Drivers/STM32L4xx_HAL_Driver/Src/stm32l4xx_hal_rcc_ex.o
 .comment       0x0000000000000053       0x54 Drivers/STM32L4xx_HAL_Driver/Src/stm32l4xx_ll_usb.o
 .comment       0x0000000000000053       0x54 Middlewares/ST/STM32_USB_Device_Library/Class/CDC/Src/usbd_cdc.o
 .comment       0x0000000000000053       0x54 Middlewares/ST/STM32_USB_Device_Library/Core/Src/usbd_core.o
 .comment       0x0000000000000053       0x54 Middlewares/ST/STM32_USB_Device_Library/Core/Src/usbd_ctlreq.o
 .comment       0x0000000000000053       0x54 Middlewares/ST/STM32_USB_Device_Library/Core/Src/usbd_ioreq.o
 .comment       0x0000000000000053       0x54 USB_DEVICE/App/usb_device.o
 .comment       0x0000000000000053       0x54 USB_DEVICE/App/usbd_cdc_if.o
 .comment       0x0000000000000053       0x54 USB_DEVICE/App/usbd_desc.o
 .comment       0x0000000000000053       0x54 USB_DEVICE/Target/usbd_conf.o

.debug_frame    0x0000000000000000     0x3880
 .debug_frame   0x0000000000000000       0xac Core/Src/main.o
 .debug_frame   0x00000000000000ac       0x80 Core/Src/stm32l4xx_hal_msp.o
 .debug_frame   0x000000000000012c      0x120 Core/Src/stm32l4xx_it.o
 .debug_frame   0x000000000000024c       0x58 Core/Src/system_stm32l4xx.o
 .debug_frame   0x00000000000002a4      0x498 Drivers/STM32L4xx_HAL_Driver/Src/stm32l4xx_hal.o
 .debug_frame   0x000000000000073c      0x498 Drivers/STM32L4xx_HAL_Driver/Src/stm32l4xx_hal_cortex.o
 .debug_frame   0x0000000000000bd4      0x14c Drivers/STM32L4xx_HAL_Driver/Src/stm32l4xx_hal_gpio.o
 .debug_frame   0x0000000000000d20      0x568 Drivers/STM32L4xx_HAL_Driver/Src/stm32l4xx_hal_pcd.o
 .debug_frame   0x0000000000001288      0x174 Drivers/STM32L4xx_HAL_Driver/Src/stm32l4xx_hal_pcd_ex.o
 .debug_frame   0x00000000000013fc      0x230 Drivers/STM32L4xx_HAL_Driver/Src/stm32l4xx_hal_pwr.o
 .debug_frame   0x000000000000162c      0x584 Drivers/STM32L4xx_HAL_Driver/Src/stm32l4xx_hal_pwr_ex.o
 .debug_frame   0x0000000000001bb0      0x21c Drivers/STM32L4xx_HAL_Driver/Src/stm32l4xx_hal_rcc.o
 .debug_frame   0x0000000000001dcc      0x2fc Drivers/STM32L4xx_HAL_Driver/Src/stm32l4xx_hal_rcc_ex.o
 .debug_frame   0x00000000000020c8      0x7bc Drivers/STM32L4xx_HAL_Driver/Src/stm32l4xx_ll_usb.o
 .debug_frame   0x0000000000002884      0x248 Middlewares/ST/STM32_USB_Device_Library/Class/CDC/Src/usbd_cdc.o
 .debug_frame   0x0000000000002acc      0x2f4 Middlewares/ST/STM32_USB_Device_Library/Core/Src/usbd_core.o
 .debug_frame   0x0000000000002dc0      0x23c Middlewares/ST/STM32_USB_Device_Library/Core/Src/usbd_ctlreq.o
 .debug_frame   0x0000000000002ffc      0x10c Middlewares/ST/STM32_USB_Device_Library/Core/Src/usbd_ioreq.o
 .debug_frame   0x0000000000003108       0x2c USB_DEVICE/App/usb_device.o
 .debug_frame   0x0000000000003134       0xe4 USB_DEVICE/App/usbd_cdc_if.o
 .debug_frame   0x0000000000003218      0x188 USB_DEVICE/App/usbd_desc.o
 .debug_frame   0x00000000000033a0      0x494 USB_DEVICE/Target/usbd_conf.o
 .debug_frame   0x0000000000003834       0x2c /opt/st/stm32cubeide_1.6.1/plugins/com.st.stm32cube.ide.mcu.externaltools.gnu-tools-for-stm32.9-2020-q2-update.linux64_1.5.0.202011040924/tools/bin/../lib/gcc/arm-none-eabi/9.3.1/../../../../arm-none-eabi/lib/thumb/v7e-m+fp/hard/libc_nano.a(lib_a-init.o)
 .debug_frame   0x0000000000003860       0x20 /opt/st/stm32cubeide_1.6.1/plugins/com.st.stm32cube.ide.mcu.externaltools.gnu-tools-for-stm32.9-2020-q2-update.linux64_1.5.0.202011040924/tools/bin/../lib/gcc/arm-none-eabi/9.3.1/../../../../arm-none-eabi/lib/thumb/v7e-m+fp/hard/libc_nano.a(lib_a-memset.o)
